7.5632 	INFO 	Loaded monitor calibration from ['2025_08_21 09:54']
7.5817 	WARNING 	User requested fullscreen with size [1024  768], but screen is actually [1920, 1200]. Using actual size
7.8845 	INFO 	Using renderer 'Intel(R) UHD Graphics' for graphics
7.8845 	INFO 	OpenGL version supported by driver is 4..
7.9116 	EXP 	Created window1 = Window(allowGUI=False, allowStencil=False, autoLog=True, backendConf=UNKNOWN, backgroundFit=<method-wrapper '__getattribute__' of attributeSetter object at 0x000002CC8B595B70>, backgroundImage=<method-wrapper '__getattribute__' of attributeSetter object at 0x000002CC8B595B10>, bitsMode=UNKNOWN, blendMode='avg', bpc=(8, 8, 8), color=array([0, 0, 0]), colorSpace='rgb', depthBits=8, fullscr=True, gamma=None, gammaErrorPolicy='raise', infoMsg=UNKNOWN, lms=UNKNOWN, monitor=<psychopy.monitors.calibTools.Monitor object at 0x000002CC8B6473D0>, multiSample=False, name='window1', numSamples=2, pos=[np.float64(0.0), np.float64(0.0)], screen=0, size=array([1920, 1200]), stencilBits=0, stereo=False, title='PsychoPy', units='height', useFBO=True, useRetina=False, viewOri=0.0, viewPos=None, viewScale=None, waitBlanking=True, winType='pyglet')
7.9117 	EXP 	window1: backgroundImage = ''
7.9118 	EXP 	window1: backgroundFit = 'none'
8.2928 	EXP 	window1: Attempting to measure frame rate of screen (0) ...
8.2928 	EXP 	window1: recordFrameIntervals = False
8.4381 	EXP 	window1: recordFrameIntervals = True
8.6219 	EXP 	Screen (0) actual frame rate measured at 59.77Hz
8.6220 	EXP 	window1: recordFrameIntervals = False
8.7759 	INFO 	keyboard.Keyboard is using ptb backend.
8.7761 	INFO 	keyboard.Keyboard is using ptb backend.
8.7761 	INFO 	keyboard.Keyboard is using ptb backend.
8.7762 	INFO 	keyboard.Keyboard is using ptb backend.
8.7762 	INFO 	keyboard.Keyboard is using ptb backend.
8.7763 	INFO 	keyboard.Keyboard is using ptb backend.
8.7763 	INFO 	keyboard.Keyboard is using ptb backend.
8.7763 	EXP 	solo_project_drm: status = STARTED
8.8285 	EXP 	Created text_welcome = TextStim(__class__=<class 'psychopy.visual.text.TextStim'>, alignHoriz=method-wrapper(...), alignText='center', alignVert=method-wrapper(...), anchorHoriz='center', anchorVert='center', antialias=True, autoDraw=False, autoLog=True, bold=False, color=array([1., 1., 1.]), colorSpace='rgb', contrast=1.0, depth=0.0, draggable=False, flipHoriz=False, flipVert=False, font='Arial', fontFiles=[], height=np.float64(0.05), italic=False, languageStyle='LTR', name='text_welcome', opacity=1, ori=0.0, pos=array([0., 0.]), rgb=UNKNOWN, text='Welcome to my experiment.', units='height', win=Window(...), wrapWidth=1)
8.8429 	EXP 	Created text_instr = TextStim(__class__=<class 'psychopy.visual.text.TextStim'>, alignHoriz=method-wrapper(...), alignText='center', alignVert=method-wrapper(...), anchorHoriz='center', anchorVert='center', antialias=True, autoDraw=False, autoLog=True, bold=False, color=array([1., 1., 1.]), colorSpace='rgb', contrast=1.0, depth=0.0, draggable=False, flipHoriz=False, flipVert=False, font='Arial', fontFiles=[], height=np.float64(0.05), italic=False, languageStyle='LTR', name='text_instr', opacity=1, ori=0.0, pos=array([0., 0.]), rgb=UNKNOWN, text=str(...), units='height', win=Window(...), wrapWidth=1)
8.8435 	EXP 	Created textAnger = TextStim(__class__=<class 'psychopy.visual.text.TextStim'>, alignHoriz=method-wrapper(...), alignText='center', alignVert=method-wrapper(...), anchorHoriz='center', anchorVert='center', antialias=True, autoDraw=False, autoLog=True, bold=False, color=array([1., 1., 1.]), colorSpace='rgb', contrast=1.0, depth=0.0, draggable=False, flipHoriz=False, flipVert=False, font='Arial', fontFiles=[], height=0.05, italic=False, languageStyle='LTR', name='textAnger', opacity=1, ori=0.0, pos=array([0., 0.]), rgb=UNKNOWN, text='', units='height', win=Window(...), wrapWidth=1)
8.8455 	EXP 	Created textBlank = TextStim(__class__=<class 'psychopy.visual.text.TextStim'>, alignHoriz=method-wrapper(...), alignText='center', alignVert=method-wrapper(...), anchorHoriz='center', anchorVert='center', antialias=True, autoDraw=False, autoLog=True, bold=False, color=array([1., 1., 1.]), colorSpace='rgb', contrast=1.0, depth=0.0, draggable=False, flipHoriz=False, flipVert=False, font='Arial', fontFiles=[], height=np.float64(0.05), italic=False, languageStyle='LTR', name='textBlank', opacity=1, ori=0.0, pos=array([0., 0.]), rgb=UNKNOWN, text='', units='height', win=Window(...), wrapWidth=1)
8.8461 	EXP 	Created textCold = TextStim(__class__=<class 'psychopy.visual.text.TextStim'>, alignHoriz=method-wrapper(...), alignText='center', alignVert=method-wrapper(...), anchorHoriz='center', anchorVert='center', antialias=True, autoDraw=False, autoLog=True, bold=False, color=array([1., 1., 1.]), colorSpace='rgb', contrast=1.0, depth=0.0, draggable=False, flipHoriz=False, flipVert=False, font='Arial', fontFiles=[], height=0.05, italic=False, languageStyle='LTR', name='textCold', opacity=1, ori=0.0, pos=array([0., 0.]), rgb=UNKNOWN, text='', units='height', win=Window(...), wrapWidth=1)
8.8470 	EXP 	Created textBlank = TextStim(__class__=<class 'psychopy.visual.text.TextStim'>, alignHoriz=method-wrapper(...), alignText='center', alignVert=method-wrapper(...), anchorHoriz='center', anchorVert='center', antialias=True, autoDraw=False, autoLog=True, bold=False, color=array([1., 1., 1.]), colorSpace='rgb', contrast=1.0, depth=0.0, draggable=False, flipHoriz=False, flipVert=False, font='Arial', fontFiles=[], height=np.float64(0.05), italic=False, languageStyle='LTR', name='textBlank', opacity=1, ori=0.0, pos=array([0., 0.]), rgb=UNKNOWN, text='', units='height', win=Window(...), wrapWidth=1)
8.8476 	EXP 	Created textSleep = TextStim(__class__=<class 'psychopy.visual.text.TextStim'>, alignHoriz=method-wrapper(...), alignText='center', alignVert=method-wrapper(...), anchorHoriz='center', anchorVert='center', antialias=True, autoDraw=False, autoLog=True, bold=False, color=array([1., 1., 1.]), colorSpace='rgb', contrast=1.0, depth=0.0, draggable=False, flipHoriz=False, flipVert=False, font='Arial', fontFiles=[], height=0.05, italic=False, languageStyle='LTR', name='textSleep', opacity=1, ori=0.0, pos=array([0., 0.]), rgb=UNKNOWN, text='', units='height', win=Window(...), wrapWidth=1)
8.8483 	EXP 	Created textBlank = TextStim(__class__=<class 'psychopy.visual.text.TextStim'>, alignHoriz=method-wrapper(...), alignText='center', alignVert=method-wrapper(...), anchorHoriz='center', anchorVert='center', antialias=True, autoDraw=False, autoLog=True, bold=False, color=array([1., 1., 1.]), colorSpace='rgb', contrast=1.0, depth=0.0, draggable=False, flipHoriz=False, flipVert=False, font='Arial', fontFiles=[], height=np.float64(0.05), italic=False, languageStyle='LTR', name='textBlank', opacity=1, ori=0.0, pos=array([0., 0.]), rgb=UNKNOWN, text='', units='height', win=Window(...), wrapWidth=1)
8.8536 	EXP 	Created text_instr2 = TextStim(__class__=<class 'psychopy.visual.text.TextStim'>, alignHoriz=method-wrapper(...), alignText='center', alignVert=method-wrapper(...), anchorHoriz='center', anchorVert='center', antialias=True, autoDraw=False, autoLog=True, bold=False, color=array([1., 1., 1.]), colorSpace='rgb', contrast=1.0, depth=0.0, draggable=False, flipHoriz=False, flipVert=False, font='Arial', fontFiles=[], height=np.float64(0.05), italic=False, languageStyle='LTR', name='text_instr2', opacity=1, ori=0.0, pos=array([0., 0.]), rgb=UNKNOWN, text=str(...), units='height', win=Window(...), wrapWidth=1)
8.8613 	EXP 	Created textMath = TextStim(__class__=<class 'psychopy.visual.text.TextStim'>, alignHoriz=method-wrapper(...), alignText='center', alignVert=method-wrapper(...), anchorHoriz='center', anchorVert='center', antialias=True, autoDraw=False, autoLog=True, bold=False, color=array([1., 1., 1.]), colorSpace='rgb', contrast=1.0, depth=0.0, draggable=False, flipHoriz=False, flipVert=False, font='Arial', fontFiles=[], height=np.float64(0.05), italic=False, languageStyle='LTR', name='textMath', opacity=1, ori=0.0, pos=array([0., 0.]), rgb=UNKNOWN, text='(7 + 6) - 10 =', units='height', win=Window(...), wrapWidth=1)
8.8738 	EXP 	Created text_instr3 = TextStim(__class__=<class 'psychopy.visual.text.TextStim'>, alignHoriz=method-wrapper(...), alignText='center', alignVert=method-wrapper(...), anchorHoriz='center', anchorVert='center', antialias=True, autoDraw=False, autoLog=True, bold=False, color=array([1., 1., 1.]), colorSpace='rgb', contrast=1.0, depth=0.0, draggable=False, flipHoriz=False, flipVert=False, font='Arial', fontFiles=[], height=np.float64(0.05), italic=False, languageStyle='LTR', name='text_instr3', opacity=1, ori=0.0, pos=array([0., 0.]), rgb=UNKNOWN, text=str(...), units='height', win=Window(...), wrapWidth=1)
8.8744 	EXP 	Created textTest = TextStim(__class__=<class 'psychopy.visual.text.TextStim'>, alignHoriz=method-wrapper(...), alignText='center', alignVert=method-wrapper(...), anchorHoriz='center', anchorVert='center', antialias=True, autoDraw=False, autoLog=True, bold=False, color=array([1., 1., 1.]), colorSpace='rgb', contrast=1.0, depth=0.0, draggable=False, flipHoriz=False, flipVert=False, font='Arial', fontFiles=[], height=0.05, italic=False, languageStyle='LTR', name='textTest', opacity=1, ori=0.0, pos=array([0., 0.]), rgb=UNKNOWN, text='', units='height', win=Window(...), wrapWidth=1)
8.8753 	EXP 	Created textBlank = TextStim(__class__=<class 'psychopy.visual.text.TextStim'>, alignHoriz=method-wrapper(...), alignText='center', alignVert=method-wrapper(...), anchorHoriz='center', anchorVert='center', antialias=True, autoDraw=False, autoLog=True, bold=False, color=array([1., 1., 1.]), colorSpace='rgb', contrast=1.0, depth=0.0, draggable=False, flipHoriz=False, flipVert=False, font='Arial', fontFiles=[], height=np.float64(0.05), italic=False, languageStyle='LTR', name='textBlank', opacity=1, ori=0.0, pos=array([0., 0.]), rgb=UNKNOWN, text='', units='height', win=Window(...), wrapWidth=1)
8.8838 	EXP 	Created textThanks = TextStim(__class__=<class 'psychopy.visual.text.TextStim'>, alignHoriz=method-wrapper(...), alignText='center', alignVert=method-wrapper(...), anchorHoriz='center', anchorVert='center', antialias=True, autoDraw=False, autoLog=True, bold=False, color=array([1., 1., 1.]), colorSpace='rgb', contrast=1.0, depth=0.0, draggable=False, flipHoriz=False, flipVert=False, font='Arial', fontFiles=[], height=np.float64(0.05), italic=False, languageStyle='LTR', name='textThanks', opacity=1, ori=0.0, pos=array([0., 0.]), rgb=UNKNOWN, text=str(...), units='height', win=Window(...), wrapWidth=1)
0.0038 	EXP 	text_welcome: autoDraw = True
3.0038 	INFO 	Keyboard events cleared
3.0037 	EXP 	text_welcome: autoDraw = False
3.0037 	EXP 	text_welcome: autoDraw = False
3.0037 	EXP 	text_instr: autoDraw = True
4.0250 	EXP 	Device response: <KeyPress from None: t=4.019635099975858, value=space, duration=None>
4.0305 	EXP 	Imported drm_words.xlsx as conditions, 10 conditions, 1 params
4.0308 	EXP 	New trial (rep=0, index=0): <Trial 0 (0 in rep 0) data={'testAnger': 'emotion', 'thisN': 0, 'thisTrialN': 0, 'thisRepN': 0}>
4.0338 	DATA 	Keypress: space
4.0370 	EXP 	text_instr: autoDraw = False
4.0370 	EXP 	textAnger: height = np.float64(0.05)
4.0370 	EXP 	textAnger: height = np.float64(0.05)
4.0370 	EXP 	textAnger: height = np.float64(0.05)
4.0370 	EXP 	textAnger: text = 'emotion'
4.0370 	EXP 	textAnger: autoDraw = True
4.2883 	EXP 	Device response: <KeyPress from None: t=4.019635099975858, value=space, duration=0.26762220001546666>
5.0372 	EXP 	textAnger: autoDraw = False
5.0372 	EXP 	textAnger: autoDraw = False
5.0372 	EXP 	textBlank: autoDraw = True
5.5210 	EXP 	New trial (rep=0, index=1): <Trial 1 (1 in rep 0) data={'testAnger': 'fight', 'thisN': 1, 'thisTrialN': 1, 'thisRepN': 0}>
5.5375 	EXP 	textBlank: autoDraw = False
5.5375 	EXP 	textBlank: autoDraw = False
5.5375 	EXP 	textAnger: height = np.float64(0.05)
5.5375 	EXP 	textAnger: height = np.float64(0.05)
5.5375 	EXP 	textAnger: height = np.float64(0.05)
5.5375 	EXP 	textAnger: text = 'fight'
5.5375 	EXP 	textAnger: autoDraw = True
6.5370 	EXP 	textAnger: autoDraw = False
6.5370 	EXP 	textAnger: autoDraw = False
6.5370 	EXP 	textBlank: autoDraw = True
7.0206 	EXP 	New trial (rep=0, index=2): <Trial 2 (2 in rep 0) data={'testAnger': 'rage', 'thisN': 2, 'thisTrialN': 2, 'thisRepN': 0}>
7.0371 	EXP 	textBlank: autoDraw = False
7.0371 	EXP 	textBlank: autoDraw = False
7.0371 	EXP 	textAnger: height = np.float64(0.05)
7.0371 	EXP 	textAnger: height = np.float64(0.05)
7.0371 	EXP 	textAnger: height = np.float64(0.05)
7.0371 	EXP 	textAnger: text = 'rage'
7.0371 	EXP 	textAnger: autoDraw = True
8.0372 	EXP 	textAnger: autoDraw = False
8.0372 	EXP 	textAnger: autoDraw = False
8.0372 	EXP 	textBlank: autoDraw = True
8.5208 	EXP 	New trial (rep=0, index=3): <Trial 3 (3 in rep 0) data={'testAnger': 'mean', 'thisN': 3, 'thisTrialN': 3, 'thisRepN': 0}>
8.5370 	EXP 	textBlank: autoDraw = False
8.5370 	EXP 	textBlank: autoDraw = False
8.5370 	EXP 	textAnger: height = np.float64(0.05)
8.5370 	EXP 	textAnger: height = np.float64(0.05)
8.5370 	EXP 	textAnger: height = np.float64(0.05)
8.5370 	EXP 	textAnger: text = 'mean'
8.5370 	EXP 	textAnger: autoDraw = True
9.5374 	EXP 	textAnger: autoDraw = False
9.5374 	EXP 	textAnger: autoDraw = False
9.5374 	EXP 	textBlank: autoDraw = True
10.0207 	EXP 	New trial (rep=0, index=4): <Trial 4 (4 in rep 0) data={'testAnger': 'mad', 'thisN': 4, 'thisTrialN': 4, 'thisRepN': 0}>
10.0383 	EXP 	textBlank: autoDraw = False
10.0383 	EXP 	textBlank: autoDraw = False
10.0383 	EXP 	textAnger: height = np.float64(0.05)
10.0383 	EXP 	textAnger: height = np.float64(0.05)
10.0383 	EXP 	textAnger: height = np.float64(0.05)
10.0383 	EXP 	textAnger: text = 'mad'
10.0383 	EXP 	textAnger: autoDraw = True
11.0537 	EXP 	textAnger: autoDraw = False
11.0537 	EXP 	textBlank: autoDraw = True
11.5373 	EXP 	New trial (rep=0, index=5): <Trial 5 (5 in rep 0) data={'testAnger': 'hate', 'thisN': 5, 'thisTrialN': 5, 'thisRepN': 0}>
11.5534 	EXP 	textBlank: autoDraw = False
11.5534 	EXP 	textAnger: height = np.float64(0.05)
11.5534 	EXP 	textAnger: height = np.float64(0.05)
11.5534 	EXP 	textAnger: height = np.float64(0.05)
11.5534 	EXP 	textAnger: text = 'hate'
11.5534 	EXP 	textAnger: autoDraw = True
12.5537 	EXP 	textAnger: autoDraw = False
12.5537 	EXP 	textBlank: autoDraw = True
13.0376 	EXP 	New trial (rep=0, index=6): <Trial 6 (6 in rep 0) data={'testAnger': 'fury', 'thisN': 6, 'thisTrialN': 6, 'thisRepN': 0}>
13.0535 	EXP 	textBlank: autoDraw = False
13.0535 	EXP 	textAnger: height = np.float64(0.05)
13.0535 	EXP 	textAnger: height = np.float64(0.05)
13.0535 	EXP 	textAnger: height = np.float64(0.05)
13.0535 	EXP 	textAnger: text = 'fury'
13.0535 	EXP 	textAnger: autoDraw = True
14.0537 	EXP 	textAnger: autoDraw = False
14.0537 	EXP 	textBlank: autoDraw = True
14.5377 	EXP 	New trial (rep=0, index=7): <Trial 7 (7 in rep 0) data={'testAnger': 'temper', 'thisN': 7, 'thisTrialN': 7, 'thisRepN': 0}>
14.5536 	EXP 	textBlank: autoDraw = False
14.5536 	EXP 	textAnger: height = np.float64(0.05)
14.5536 	EXP 	textAnger: height = np.float64(0.05)
14.5536 	EXP 	textAnger: height = np.float64(0.05)
14.5536 	EXP 	textAnger: text = 'temper'
14.5536 	EXP 	textAnger: autoDraw = True
15.5533 	EXP 	textAnger: autoDraw = False
15.5533 	EXP 	textBlank: autoDraw = True
16.0375 	EXP 	New trial (rep=0, index=8): <Trial 8 (8 in rep 0) data={'testAnger': 'wrath', 'thisN': 8, 'thisTrialN': 8, 'thisRepN': 0}>
16.0536 	EXP 	textBlank: autoDraw = False
16.0536 	EXP 	textAnger: height = np.float64(0.05)
16.0536 	EXP 	textAnger: height = np.float64(0.05)
16.0536 	EXP 	textAnger: height = np.float64(0.05)
16.0536 	EXP 	textAnger: text = 'wrath'
16.0536 	EXP 	textAnger: autoDraw = True
17.0537 	EXP 	textAnger: autoDraw = False
17.0537 	EXP 	textBlank: autoDraw = True
17.5376 	EXP 	New trial (rep=0, index=9): <Trial 9 (9 in rep 0) data={'testAnger': 'fear', 'thisN': 9, 'thisTrialN': 9, 'thisRepN': 0}>
17.5536 	EXP 	textBlank: autoDraw = False
17.5536 	EXP 	textAnger: height = np.float64(0.05)
17.5536 	EXP 	textAnger: height = np.float64(0.05)
17.5536 	EXP 	textAnger: height = np.float64(0.05)
17.5536 	EXP 	textAnger: text = 'fear'
17.5536 	EXP 	textAnger: autoDraw = True
18.5542 	EXP 	textAnger: autoDraw = False
18.5542 	EXP 	textBlank: autoDraw = True
19.0524 	EXP 	Imported lureCold.xlsx as conditions, 10 conditions, 1 params
19.0530 	EXP 	New trial (rep=0, index=0): <Trial 0 (0 in rep 0) data={'lureCold': 'snow', 'thisN': 0, 'thisTrialN': 0, 'thisRepN': 0}>
19.0606 	EXP 	textBlank: autoDraw = False
19.0606 	EXP 	textCold: height = np.float64(0.05)
19.0606 	EXP 	textCold: height = np.float64(0.05)
19.0606 	EXP 	textCold: height = np.float64(0.05)
19.0606 	EXP 	textCold: text = 'snow'
19.0606 	EXP 	textCold: autoDraw = True
20.0538 	EXP 	textCold: autoDraw = False
20.0538 	EXP 	textBlank: autoDraw = True
20.5375 	EXP 	New trial (rep=0, index=1): <Trial 1 (1 in rep 0) data={'lureCold': 'shiver', 'thisN': 1, 'thisTrialN': 1, 'thisRepN': 0}>
20.5541 	EXP 	textBlank: autoDraw = False
20.5541 	EXP 	textCold: height = np.float64(0.05)
20.5541 	EXP 	textCold: height = np.float64(0.05)
20.5541 	EXP 	textCold: height = np.float64(0.05)
20.5541 	EXP 	textCold: text = 'shiver'
20.5541 	EXP 	textCold: autoDraw = True
21.5538 	EXP 	textCold: autoDraw = False
21.5538 	EXP 	textBlank: autoDraw = True
22.0381 	EXP 	New trial (rep=0, index=2): <Trial 2 (2 in rep 0) data={'lureCold': 'chilly', 'thisN': 2, 'thisTrialN': 2, 'thisRepN': 0}>
22.0535 	EXP 	textBlank: autoDraw = False
22.0535 	EXP 	textCold: height = np.float64(0.05)
22.0535 	EXP 	textCold: height = np.float64(0.05)
22.0535 	EXP 	textCold: height = np.float64(0.05)
22.0535 	EXP 	textCold: text = 'chilly'
22.0535 	EXP 	textCold: autoDraw = True
23.0536 	EXP 	textCold: autoDraw = False
23.0536 	EXP 	textBlank: autoDraw = True
23.5383 	EXP 	New trial (rep=0, index=3): <Trial 3 (3 in rep 0) data={'lureCold': 'wet', 'thisN': 3, 'thisTrialN': 3, 'thisRepN': 0}>
23.5533 	EXP 	textBlank: autoDraw = False
23.5533 	EXP 	textCold: height = np.float64(0.05)
23.5533 	EXP 	textCold: height = np.float64(0.05)
23.5533 	EXP 	textCold: height = np.float64(0.05)
23.5533 	EXP 	textCold: text = 'wet'
23.5533 	EXP 	textCold: autoDraw = True
24.5537 	EXP 	textCold: autoDraw = False
24.5537 	EXP 	textBlank: autoDraw = True
25.0396 	EXP 	New trial (rep=0, index=4): <Trial 4 (4 in rep 0) data={'lureCold': 'weather', 'thisN': 4, 'thisTrialN': 4, 'thisRepN': 0}>
25.0539 	EXP 	textBlank: autoDraw = False
25.0539 	EXP 	textCold: height = np.float64(0.05)
25.0539 	EXP 	textCold: height = np.float64(0.05)
25.0539 	EXP 	textCold: height = np.float64(0.05)
25.0539 	EXP 	textCold: text = 'weather'
25.0539 	EXP 	textCold: autoDraw = True
26.0541 	EXP 	textCold: autoDraw = False
26.0541 	EXP 	textBlank: autoDraw = True
26.5389 	EXP 	New trial (rep=0, index=5): <Trial 5 (5 in rep 0) data={'lureCold': 'hot', 'thisN': 5, 'thisTrialN': 5, 'thisRepN': 0}>
26.5538 	EXP 	textBlank: autoDraw = False
26.5538 	EXP 	textCold: height = np.float64(0.05)
26.5538 	EXP 	textCold: height = np.float64(0.05)
26.5538 	EXP 	textCold: height = np.float64(0.05)
26.5538 	EXP 	textCold: text = 'hot'
26.5538 	EXP 	textCold: autoDraw = True
27.5534 	EXP 	textCold: autoDraw = False
27.5534 	EXP 	textBlank: autoDraw = True
28.0378 	EXP 	New trial (rep=0, index=6): <Trial 6 (6 in rep 0) data={'lureCold': 'ice', 'thisN': 6, 'thisTrialN': 6, 'thisRepN': 0}>
28.0531 	EXP 	textBlank: autoDraw = False
28.0531 	EXP 	textCold: height = np.float64(0.05)
28.0531 	EXP 	textCold: height = np.float64(0.05)
28.0531 	EXP 	textCold: height = np.float64(0.05)
28.0531 	EXP 	textCold: text = 'ice'
28.0531 	EXP 	textCold: autoDraw = True
29.0540 	EXP 	textCold: autoDraw = False
29.0540 	EXP 	textBlank: autoDraw = True
29.5378 	EXP 	New trial (rep=0, index=7): <Trial 7 (7 in rep 0) data={'lureCold': 'winter', 'thisN': 7, 'thisTrialN': 7, 'thisRepN': 0}>
29.5542 	EXP 	textBlank: autoDraw = False
29.5542 	EXP 	textCold: height = np.float64(0.05)
29.5542 	EXP 	textCold: height = np.float64(0.05)
29.5542 	EXP 	textCold: height = np.float64(0.05)
29.5542 	EXP 	textCold: text = 'winter'
29.5542 	EXP 	textCold: autoDraw = True
30.5538 	EXP 	textCold: autoDraw = False
30.5538 	EXP 	textBlank: autoDraw = True
31.0378 	EXP 	New trial (rep=0, index=8): <Trial 8 (8 in rep 0) data={'lureCold': 'air', 'thisN': 8, 'thisTrialN': 8, 'thisRepN': 0}>
31.0536 	EXP 	textBlank: autoDraw = False
31.0536 	EXP 	textCold: height = np.float64(0.05)
31.0536 	EXP 	textCold: height = np.float64(0.05)
31.0536 	EXP 	textCold: height = np.float64(0.05)
31.0536 	EXP 	textCold: text = 'air'
31.0536 	EXP 	textCold: autoDraw = True
32.0534 	EXP 	textCold: autoDraw = False
32.0534 	EXP 	textBlank: autoDraw = True
32.5376 	EXP 	New trial (rep=0, index=9): <Trial 9 (9 in rep 0) data={'lureCold': 'freeze', 'thisN': 9, 'thisTrialN': 9, 'thisRepN': 0}>
32.5533 	EXP 	textBlank: autoDraw = False
32.5533 	EXP 	textCold: height = np.float64(0.05)
32.5533 	EXP 	textCold: height = np.float64(0.05)
32.5533 	EXP 	textCold: height = np.float64(0.05)
32.5533 	EXP 	textCold: text = 'freeze'
32.5533 	EXP 	textCold: autoDraw = True
33.5536 	EXP 	textCold: autoDraw = False
33.5536 	EXP 	textBlank: autoDraw = True
34.0445 	EXP 	Imported lureSleep.xlsx as conditions, 10 conditions, 1 params
34.0449 	EXP 	New trial (rep=0, index=0): <Trial 0 (0 in rep 0) data={'lureSleep': 'blanket', 'thisN': 0, 'thisTrialN': 0, 'thisRepN': 0}>
34.1342 	EXP 	textBlank: autoDraw = False
34.1342 	EXP 	textSleep: height = np.float64(0.05)
34.1342 	EXP 	textSleep: height = np.float64(0.05)
34.1342 	EXP 	textSleep: height = np.float64(0.05)
34.1342 	EXP 	textSleep: text = 'blanket'
34.1342 	EXP 	textSleep: autoDraw = True
35.0533 	EXP 	textSleep: autoDraw = False
35.0533 	EXP 	textBlank: autoDraw = True
35.5373 	EXP 	New trial (rep=0, index=1): <Trial 1 (1 in rep 0) data={'lureSleep': 'rest', 'thisN': 1, 'thisTrialN': 1, 'thisRepN': 0}>
35.5540 	EXP 	textBlank: autoDraw = False
35.5540 	EXP 	textSleep: height = np.float64(0.05)
35.5540 	EXP 	textSleep: height = np.float64(0.05)
35.5540 	EXP 	textSleep: height = np.float64(0.05)
35.5540 	EXP 	textSleep: text = 'rest'
35.5540 	EXP 	textSleep: autoDraw = True
36.5536 	EXP 	textSleep: autoDraw = False
36.5536 	EXP 	textBlank: autoDraw = True
37.0373 	EXP 	New trial (rep=0, index=2): <Trial 2 (2 in rep 0) data={'lureSleep': 'bed', 'thisN': 2, 'thisTrialN': 2, 'thisRepN': 0}>
37.0532 	EXP 	textBlank: autoDraw = False
37.0532 	EXP 	textSleep: height = np.float64(0.05)
37.0532 	EXP 	textSleep: height = np.float64(0.05)
37.0532 	EXP 	textSleep: height = np.float64(0.05)
37.0532 	EXP 	textSleep: text = 'bed'
37.0532 	EXP 	textSleep: autoDraw = True
38.0533 	EXP 	textSleep: autoDraw = False
38.0533 	EXP 	textBlank: autoDraw = True
38.5376 	EXP 	New trial (rep=0, index=3): <Trial 3 (3 in rep 0) data={'lureSleep': 'awake', 'thisN': 3, 'thisTrialN': 3, 'thisRepN': 0}>
38.5535 	EXP 	textBlank: autoDraw = False
38.5535 	EXP 	textSleep: height = np.float64(0.05)
38.5535 	EXP 	textSleep: height = np.float64(0.05)
38.5535 	EXP 	textSleep: height = np.float64(0.05)
38.5535 	EXP 	textSleep: text = 'awake'
38.5535 	EXP 	textSleep: autoDraw = True
39.5539 	EXP 	textSleep: autoDraw = False
39.5539 	EXP 	textBlank: autoDraw = True
40.0374 	EXP 	New trial (rep=0, index=4): <Trial 4 (4 in rep 0) data={'lureSleep': 'nap', 'thisN': 4, 'thisTrialN': 4, 'thisRepN': 0}>
40.0536 	EXP 	textBlank: autoDraw = False
40.0536 	EXP 	textSleep: height = np.float64(0.05)
40.0536 	EXP 	textSleep: height = np.float64(0.05)
40.0536 	EXP 	textSleep: height = np.float64(0.05)
40.0536 	EXP 	textSleep: text = 'nap'
40.0536 	EXP 	textSleep: autoDraw = True
41.0536 	EXP 	textSleep: autoDraw = False
41.0536 	EXP 	textBlank: autoDraw = True
41.5380 	EXP 	New trial (rep=0, index=5): <Trial 5 (5 in rep 0) data={'lureSleep': 'slumber', 'thisN': 5, 'thisTrialN': 5, 'thisRepN': 0}>
41.5536 	EXP 	textBlank: autoDraw = False
41.5536 	EXP 	textSleep: height = np.float64(0.05)
41.5536 	EXP 	textSleep: height = np.float64(0.05)
41.5536 	EXP 	textSleep: height = np.float64(0.05)
41.5536 	EXP 	textSleep: text = 'slumber'
41.5536 	EXP 	textSleep: autoDraw = True
42.5535 	EXP 	textSleep: autoDraw = False
42.5535 	EXP 	textBlank: autoDraw = True
43.0377 	EXP 	New trial (rep=0, index=6): <Trial 6 (6 in rep 0) data={'lureSleep': 'snore', 'thisN': 6, 'thisTrialN': 6, 'thisRepN': 0}>
43.0534 	EXP 	textBlank: autoDraw = False
43.0534 	EXP 	textSleep: height = np.float64(0.05)
43.0534 	EXP 	textSleep: height = np.float64(0.05)
43.0534 	EXP 	textSleep: height = np.float64(0.05)
43.0534 	EXP 	textSleep: text = 'snore'
43.0534 	EXP 	textSleep: autoDraw = True
44.0535 	EXP 	textSleep: autoDraw = False
44.0535 	EXP 	textBlank: autoDraw = True
44.5372 	EXP 	New trial (rep=0, index=7): <Trial 7 (7 in rep 0) data={'lureSleep': 'dream', 'thisN': 7, 'thisTrialN': 7, 'thisRepN': 0}>
44.5537 	EXP 	textBlank: autoDraw = False
44.5537 	EXP 	textSleep: height = np.float64(0.05)
44.5537 	EXP 	textSleep: height = np.float64(0.05)
44.5537 	EXP 	textSleep: height = np.float64(0.05)
44.5537 	EXP 	textSleep: text = 'dream'
44.5537 	EXP 	textSleep: autoDraw = True
45.5535 	EXP 	textSleep: autoDraw = False
45.5535 	EXP 	textBlank: autoDraw = True
46.0377 	EXP 	New trial (rep=0, index=8): <Trial 8 (8 in rep 0) data={'lureSleep': 'yawn', 'thisN': 8, 'thisTrialN': 8, 'thisRepN': 0}>
46.0531 	EXP 	textBlank: autoDraw = False
46.0531 	EXP 	textSleep: height = np.float64(0.05)
46.0531 	EXP 	textSleep: height = np.float64(0.05)
46.0531 	EXP 	textSleep: height = np.float64(0.05)
46.0531 	EXP 	textSleep: text = 'yawn'
46.0531 	EXP 	textSleep: autoDraw = True
47.0533 	EXP 	textSleep: autoDraw = False
47.0533 	EXP 	textBlank: autoDraw = True
47.5371 	EXP 	New trial (rep=0, index=9): <Trial 9 (9 in rep 0) data={'lureSleep': 'tired', 'thisN': 9, 'thisTrialN': 9, 'thisRepN': 0}>
47.5532 	EXP 	textBlank: autoDraw = False
47.5532 	EXP 	textSleep: height = np.float64(0.05)
47.5532 	EXP 	textSleep: height = np.float64(0.05)
47.5532 	EXP 	textSleep: height = np.float64(0.05)
47.5532 	EXP 	textSleep: text = 'tired'
47.5532 	EXP 	textSleep: autoDraw = True
48.5536 	EXP 	textSleep: autoDraw = False
48.5536 	EXP 	textBlank: autoDraw = True
49.0537 	INFO 	Keyboard events cleared
49.0536 	EXP 	textBlank: autoDraw = False
49.0536 	EXP 	text_instr2: autoDraw = True
50.9038 	EXP 	Device response: <KeyPress from None: t=50.9030938000069, value=space, duration=None>
50.9073 	DATA 	Keypress: space
50.9200 	INFO 	Keyboard events cleared
50.9198 	EXP 	text_instr2: autoDraw = False
50.9198 	EXP 	textMath: autoDraw = True
51.1203 	EXP 	Device response: <KeyPress from None: t=50.9030938000069, value=space, duration=0.21452109998790547>
51.7888 	DATA 	Keypress: 3
51.8036 	EXP 	Device response: <KeyPress from None: t=51.78660619998118, value=3, duration=None>
51.8199 	INFO 	Keyboard events cleared
51.8198 	EXP 	textMath: autoDraw = False
51.8198 	EXP 	text_instr3: autoDraw = True
51.9705 	EXP 	Device response: <KeyPress from None: t=51.78660619998118, value=3, duration=0.1819878999958746>
52.7232 	DATA 	Keypress: b
52.7373 	EXP 	Device response: <KeyPress from None: t=52.721213400014676, value=b, duration=None>
53.0203 	EXP 	Device response: <KeyPress from None: t=52.721213400014676, value=b, duration=0.28814859996782616>
53.5226 	DATA 	Keypress: space
53.5374 	EXP 	Device response: <KeyPress from None: t=53.52119270002004, value=space, duration=None>
53.5462 	EXP 	Imported test_file.xlsx as conditions, 10 conditions, 2 params
53.5467 	EXP 	New trial (rep=0, index=0): <Trial 0 (0 in rep 0) data={'final_test': 'ocean', 'corrAns': 'n', 'thisN': 0, 'thisTrialN': 0, 'thisRepN': 0}>
53.5587 	INFO 	Keyboard events cleared
53.5586 	EXP 	text_instr3: autoDraw = False
53.5586 	EXP 	textTest: height = np.float64(0.05)
53.5586 	EXP 	textTest: height = np.float64(0.05)
53.5586 	EXP 	textTest: height = np.float64(0.05)
53.5586 	EXP 	textTest: text = 'ocean'
53.5586 	EXP 	textTest: autoDraw = True
53.7541 	EXP 	Device response: <KeyPress from None: t=53.52119270002004, value=space, duration=0.22410289995605126>
55.4870 	EXP 	Device response: <KeyPress from None: t=55.47947279998334, value=n, duration=None>
55.4882 	DATA 	Keypress: n
55.5032 	EXP 	textTest: autoDraw = False
55.5032 	EXP 	textBlank: autoDraw = True
55.6396 	EXP 	Device response: <KeyPress from None: t=55.47947279998334, value=n, duration=0.15970379998907447>
55.9869 	EXP 	New trial (rep=0, index=1): <Trial 1 (1 in rep 0) data={'final_test': 'anger', 'corrAns': 'n', 'thisN': 1, 'thisTrialN': 1, 'thisRepN': 0}>
56.0031 	INFO 	Keyboard events cleared
56.0030 	EXP 	textBlank: autoDraw = False
56.0030 	EXP 	textBlank: autoDraw = False
56.0030 	EXP 	textTest: height = np.float64(0.05)
56.0030 	EXP 	textTest: height = np.float64(0.05)
56.0030 	EXP 	textTest: height = np.float64(0.05)
56.0030 	EXP 	textTest: text = 'anger'
56.0030 	EXP 	textTest: autoDraw = True
58.5385 	DATA 	Keypress: y
58.5534 	EXP 	Device response: <KeyPress from None: t=58.53757859999314, value=y, duration=None>
58.5695 	EXP 	textTest: autoDraw = False
58.5695 	EXP 	textBlank: autoDraw = True
58.7034 	EXP 	Device response: <KeyPress from None: t=58.53757859999314, value=y, duration=0.1616480000084266>
59.0539 	EXP 	New trial (rep=0, index=2): <Trial 2 (2 in rep 0) data={'final_test': 'sleep', 'corrAns': 'n', 'thisN': 2, 'thisTrialN': 2, 'thisRepN': 0}>
59.0697 	INFO 	Keyboard events cleared
59.0696 	EXP 	textBlank: autoDraw = False
59.0696 	EXP 	textBlank: autoDraw = False
59.0696 	EXP 	textTest: height = np.float64(0.05)
59.0696 	EXP 	textTest: height = np.float64(0.05)
59.0696 	EXP 	textTest: height = np.float64(0.05)
59.0696 	EXP 	textTest: text = 'sleep'
59.0696 	EXP 	textTest: autoDraw = True
60.5699 	EXP 	Device response: <KeyPress from None: t=60.55853350000689, value=n, duration=None>
60.5709 	DATA 	Keypress: n
60.5863 	EXP 	textTest: autoDraw = False
60.5863 	EXP 	textBlank: autoDraw = True
60.7532 	EXP 	Device response: <KeyPress from None: t=60.55853350000689, value=n, duration=0.18531299999449402>
61.0704 	EXP 	New trial (rep=0, index=3): <Trial 3 (3 in rep 0) data={'final_test': 'apple', 'corrAns': 'n', 'thisN': 3, 'thisTrialN': 3, 'thisRepN': 0}>
61.0866 	INFO 	Keyboard events cleared
61.0865 	EXP 	textBlank: autoDraw = False
61.0865 	EXP 	textTest: height = np.float64(0.05)
61.0865 	EXP 	textTest: height = np.float64(0.05)
61.0865 	EXP 	textTest: height = np.float64(0.05)
61.0865 	EXP 	textTest: text = 'apple'
61.0865 	EXP 	textTest: autoDraw = True
62.5040 	EXP 	Device response: <KeyPress from None: t=62.503504700027406, value=n, duration=None>
62.5054 	DATA 	Keypress: n
62.5193 	EXP 	textTest: autoDraw = False
62.5193 	EXP 	textBlank: autoDraw = True
62.6698 	EXP 	Device response: <KeyPress from None: t=62.503504700027406, value=n, duration=0.1651908999774605>
63.0036 	EXP 	New trial (rep=0, index=4): <Trial 4 (4 in rep 0) data={'final_test': 'bed', 'corrAns': 'y', 'thisN': 4, 'thisTrialN': 4, 'thisRepN': 0}>
63.0194 	INFO 	Keyboard events cleared
63.0193 	EXP 	textBlank: autoDraw = False
63.0193 	EXP 	textBlank: autoDraw = False
63.0193 	EXP 	textTest: height = np.float64(0.05)
63.0193 	EXP 	textTest: height = np.float64(0.05)
63.0193 	EXP 	textTest: height = np.float64(0.05)
63.0193 	EXP 	textTest: text = 'bed'
63.0193 	EXP 	textTest: autoDraw = True
64.2702 	EXP 	Device response: <KeyPress from None: t=64.25967320002383, value=y, duration=None>
64.2715 	DATA 	Keypress: y
64.2865 	EXP 	textTest: autoDraw = False
64.2865 	EXP 	textBlank: autoDraw = True
64.5041 	EXP 	Device response: <KeyPress from None: t=64.25967320002383, value=y, duration=0.23118829994928092>
64.7704 	EXP 	New trial (rep=0, index=5): <Trial 5 (5 in rep 0) data={'final_test': 'cold', 'corrAns': 'n', 'thisN': 5, 'thisTrialN': 5, 'thisRepN': 0}>
64.7867 	INFO 	Keyboard events cleared
64.7866 	EXP 	textBlank: autoDraw = False
64.7866 	EXP 	textBlank: autoDraw = False
64.7866 	EXP 	textTest: height = np.float64(0.05)
64.7866 	EXP 	textTest: height = np.float64(0.05)
64.7866 	EXP 	textTest: height = np.float64(0.05)
64.7866 	EXP 	textTest: text = 'cold'
64.7866 	EXP 	textTest: autoDraw = True
67.2364 	EXP 	Device response: <KeyPress from None: t=67.22646069998154, value=n, duration=None>
67.2379 	DATA 	Keypress: n
67.2527 	EXP 	textTest: autoDraw = False
67.2527 	EXP 	textBlank: autoDraw = True
67.4202 	EXP 	Device response: <KeyPress from None: t=67.22646069998154, value=n, duration=0.18887810001615435>
67.7373 	EXP 	New trial (rep=0, index=6): <Trial 6 (6 in rep 0) data={'final_test': 'dream', 'corrAns': 'y', 'thisN': 6, 'thisTrialN': 6, 'thisRepN': 0}>
67.7536 	INFO 	Keyboard events cleared
67.7534 	EXP 	textBlank: autoDraw = False
67.7534 	EXP 	textTest: height = np.float64(0.05)
67.7534 	EXP 	textTest: height = np.float64(0.05)
67.7534 	EXP 	textTest: height = np.float64(0.05)
67.7534 	EXP 	textTest: text = 'dream'
67.7534 	EXP 	textTest: autoDraw = True
70.1033 	EXP 	Device response: <KeyPress from None: t=70.09528190002311, value=y, duration=None>
70.1043 	DATA 	Keypress: y
70.1195 	EXP 	textTest: autoDraw = False
70.1195 	EXP 	textBlank: autoDraw = True
70.3209 	EXP 	Device response: <KeyPress from None: t=70.09528190002311, value=y, duration=0.22523129999171942>
70.6042 	EXP 	New trial (rep=0, index=7): <Trial 7 (7 in rep 0) data={'final_test': 'guitar', 'corrAns': 'n', 'thisN': 7, 'thisTrialN': 7, 'thisRepN': 0}>
70.6197 	INFO 	Keyboard events cleared
70.6196 	EXP 	textBlank: autoDraw = False
70.6196 	EXP 	textTest: height = np.float64(0.05)
70.6196 	EXP 	textTest: height = np.float64(0.05)
70.6196 	EXP 	textTest: height = np.float64(0.05)
70.6196 	EXP 	textTest: text = 'guitar'
70.6196 	EXP 	textTest: autoDraw = True
71.5034 	EXP 	Device response: <KeyPress from None: t=71.49635779997334, value=n, duration=None>
71.5045 	DATA 	Keypress: n
71.5195 	EXP 	textTest: autoDraw = False
71.5195 	EXP 	textBlank: autoDraw = True
71.7037 	EXP 	Device response: <KeyPress from None: t=71.49635779997334, value=n, duration=0.20173369999974966>
72.0042 	EXP 	New trial (rep=0, index=8): <Trial 8 (8 in rep 0) data={'final_test': 'mad', 'corrAns': 'y', 'thisN': 8, 'thisTrialN': 8, 'thisRepN': 0}>
72.0202 	INFO 	Keyboard events cleared
72.0199 	EXP 	textBlank: autoDraw = False
72.0199 	EXP 	textTest: height = np.float64(0.05)
72.0199 	EXP 	textTest: height = np.float64(0.05)
72.0199 	EXP 	textTest: height = np.float64(0.05)
72.0199 	EXP 	textTest: text = 'mad'
72.0199 	EXP 	textTest: autoDraw = True
73.4701 	EXP 	Device response: <KeyPress from None: t=73.46042989997659, value=y, duration=None>
73.4715 	DATA 	Keypress: y
73.4861 	EXP 	textTest: autoDraw = False
73.4861 	EXP 	textBlank: autoDraw = True
73.7034 	EXP 	Device response: <KeyPress from None: t=73.46042989997659, value=y, duration=0.22763259999919683>
73.9700 	EXP 	New trial (rep=0, index=9): <Trial 9 (9 in rep 0) data={'final_test': 'snow', 'corrAns': 'y', 'thisN': 9, 'thisTrialN': 9, 'thisRepN': 0}>
73.9861 	INFO 	Keyboard events cleared
73.9860 	EXP 	textBlank: autoDraw = False
73.9860 	EXP 	textBlank: autoDraw = False
73.9860 	EXP 	textTest: height = np.float64(0.05)
73.9860 	EXP 	textTest: height = np.float64(0.05)
73.9860 	EXP 	textTest: height = np.float64(0.05)
73.9860 	EXP 	textTest: text = 'snow'
73.9860 	EXP 	textTest: autoDraw = True
75.5707 	EXP 	Device response: <KeyPress from None: t=75.55791470000986, value=y, duration=None>
75.5725 	DATA 	Keypress: y
75.5860 	EXP 	textTest: autoDraw = False
75.5860 	EXP 	textBlank: autoDraw = True
75.7697 	EXP 	Device response: <KeyPress from None: t=75.55791470000986, value=y, duration=0.20574659999692813>
76.0863 	INFO 	Keyboard events cleared
76.0862 	EXP 	textBlank: autoDraw = False
76.0862 	EXP 	textBlank: autoDraw = False
76.0862 	EXP 	textThanks: autoDraw = True
77.6363 	EXP 	Device response: <KeyPress from None: t=77.6331121000112, value=space, duration=None>
77.6372 	DATA 	Keypress: space
77.6523 	EXP 	textThanks: autoDraw = False
77.6527 	EXP 	solo_project_drm: status = STOPPED
77.6711 	INFO 	saved data to 'C:\\Users\\Dell\\OneDrive\\Desktop\\PSY310\\SOLO PROJECT\\data\\10_solo_project_drm_2025-11-20_09h46.07.556.csv'
77.6732 	INFO 	saved data to C:\Users\Dell\OneDrive\Desktop\PSY310\SOLO PROJECT\data\10_solo_project_drm_2025-11-20_09h46.07.556.psydat
77.9585 	WARNING 	Stopping key buffers but this could be dangerous ifother keyboards rely on the same.
77.9840 	WARNING 	Stopping key buffers but this could be dangerous ifother keyboards rely on the same.
77.9841 	WARNING 	Stopping key buffers but this could be dangerous ifother keyboards rely on the same.
77.9841 	WARNING 	Stopping key buffers but this could be dangerous ifother keyboards rely on the same.
77.9841 	WARNING 	Stopping key buffers but this could be dangerous ifother keyboards rely on the same.
77.9841 	WARNING 	Stopping key buffers but this could be dangerous ifother keyboards rely on the same.
77.9841 	WARNING 	Stopping key buffers but this could be dangerous ifother keyboards rely on the same.
