15.7056 	INFO 	Loaded monitor calibration from ['2025_08_21 09:54']
15.7209 	WARNING 	User requested fullscreen with size [1024  768], but screen is actually [1920, 1200]. Using actual size
16.0127 	INFO 	Using renderer 'Intel(R) UHD Graphics' for graphics
16.0127 	INFO 	OpenGL version supported by driver is 4..
16.0511 	EXP 	Created window1 = Window(allowGUI=False, allowStencil=False, autoLog=True, backendConf=UNKNOWN, backgroundFit=<method-wrapper '__getattribute__' of attributeSetter object at 0x000001FE9FD95B70>, backgroundImage=<method-wrapper '__getattribute__' of attributeSetter object at 0x000001FE9FD95B10>, bitsMode=UNKNOWN, blendMode='avg', bpc=(8, 8, 8), color=array([0, 0, 0]), colorSpace='rgb', depthBits=8, fullscr=True, gamma=None, gammaErrorPolicy='raise', infoMsg=UNKNOWN, lms=UNKNOWN, monitor=<psychopy.monitors.calibTools.Monitor object at 0x000001FE9FE473D0>, multiSample=False, name='window1', numSamples=2, pos=[np.float64(0.0), np.float64(0.0)], screen=0, size=array([1920, 1200]), stencilBits=0, stereo=False, title='PsychoPy', units='height', useFBO=True, useRetina=False, viewOri=0.0, viewPos=None, viewScale=None, waitBlanking=True, winType='pyglet')
16.0511 	EXP 	window1: backgroundImage = ''
16.0511 	EXP 	window1: backgroundFit = 'none'
16.3772 	EXP 	window1: Attempting to measure frame rate of screen (0) ...
16.3772 	EXP 	window1: recordFrameIntervals = False
16.5258 	EXP 	window1: recordFrameIntervals = True
16.7095 	EXP 	Screen (0) actual frame rate measured at 59.97Hz
16.7095 	EXP 	window1: recordFrameIntervals = False
16.8357 	INFO 	keyboard.Keyboard is using ptb backend.
16.8358 	INFO 	keyboard.Keyboard is using ptb backend.
16.8359 	INFO 	keyboard.Keyboard is using ptb backend.
16.8359 	INFO 	keyboard.Keyboard is using ptb backend.
16.8359 	INFO 	keyboard.Keyboard is using ptb backend.
16.8359 	INFO 	keyboard.Keyboard is using ptb backend.
16.8360 	INFO 	keyboard.Keyboard is using ptb backend.
16.8360 	EXP 	solo_project_drm: status = STARTED
16.8846 	EXP 	Created text_welcome = TextStim(__class__=<class 'psychopy.visual.text.TextStim'>, alignHoriz=method-wrapper(...), alignText='center', alignVert=method-wrapper(...), anchorHoriz='center', anchorVert='center', antialias=True, autoDraw=False, autoLog=True, bold=False, color=array([1., 1., 1.]), colorSpace='rgb', contrast=1.0, depth=0.0, draggable=False, flipHoriz=False, flipVert=False, font='Arial', fontFiles=[], height=np.float64(0.05), italic=False, languageStyle='LTR', name='text_welcome', opacity=1, ori=0.0, pos=array([0., 0.]), rgb=UNKNOWN, text='Welcome to my experiment.', units='height', win=Window(...), wrapWidth=1)
16.8983 	EXP 	Created text_instr = TextStim(__class__=<class 'psychopy.visual.text.TextStim'>, alignHoriz=method-wrapper(...), alignText='center', alignVert=method-wrapper(...), anchorHoriz='center', anchorVert='center', antialias=True, autoDraw=False, autoLog=True, bold=False, color=array([1., 1., 1.]), colorSpace='rgb', contrast=1.0, depth=0.0, draggable=False, flipHoriz=False, flipVert=False, font='Arial', fontFiles=[], height=np.float64(0.05), italic=False, languageStyle='LTR', name='text_instr', opacity=1, ori=0.0, pos=array([0., 0.]), rgb=UNKNOWN, text=str(...), units='height', win=Window(...), wrapWidth=1)
16.8988 	EXP 	Created textAnger = TextStim(__class__=<class 'psychopy.visual.text.TextStim'>, alignHoriz=method-wrapper(...), alignText='center', alignVert=method-wrapper(...), anchorHoriz='center', anchorVert='center', antialias=True, autoDraw=False, autoLog=True, bold=False, color=array([1., 1., 1.]), colorSpace='rgb', contrast=1.0, depth=0.0, draggable=False, flipHoriz=False, flipVert=False, font='Arial', fontFiles=[], height=0.05, italic=False, languageStyle='LTR', name='textAnger', opacity=1, ori=0.0, pos=array([0., 0.]), rgb=UNKNOWN, text='', units='height', win=Window(...), wrapWidth=1)
16.8995 	EXP 	Created textBlank = TextStim(__class__=<class 'psychopy.visual.text.TextStim'>, alignHoriz=method-wrapper(...), alignText='center', alignVert=method-wrapper(...), anchorHoriz='center', anchorVert='center', antialias=True, autoDraw=False, autoLog=True, bold=False, color=array([1., 1., 1.]), colorSpace='rgb', contrast=1.0, depth=0.0, draggable=False, flipHoriz=False, flipVert=False, font='Arial', fontFiles=[], height=np.float64(0.05), italic=False, languageStyle='LTR', name='textBlank', opacity=1, ori=0.0, pos=array([0., 0.]), rgb=UNKNOWN, text='', units='height', win=Window(...), wrapWidth=1)
16.8999 	EXP 	Created textCold = TextStim(__class__=<class 'psychopy.visual.text.TextStim'>, alignHoriz=method-wrapper(...), alignText='center', alignVert=method-wrapper(...), anchorHoriz='center', anchorVert='center', antialias=True, autoDraw=False, autoLog=True, bold=False, color=array([1., 1., 1.]), colorSpace='rgb', contrast=1.0, depth=0.0, draggable=False, flipHoriz=False, flipVert=False, font='Arial', fontFiles=[], height=0.05, italic=False, languageStyle='LTR', name='textCold', opacity=1, ori=0.0, pos=array([0., 0.]), rgb=UNKNOWN, text='', units='height', win=Window(...), wrapWidth=1)
16.9006 	EXP 	Created textBlank = TextStim(__class__=<class 'psychopy.visual.text.TextStim'>, alignHoriz=method-wrapper(...), alignText='center', alignVert=method-wrapper(...), anchorHoriz='center', anchorVert='center', antialias=True, autoDraw=False, autoLog=True, bold=False, color=array([1., 1., 1.]), colorSpace='rgb', contrast=1.0, depth=0.0, draggable=False, flipHoriz=False, flipVert=False, font='Arial', fontFiles=[], height=np.float64(0.05), italic=False, languageStyle='LTR', name='textBlank', opacity=1, ori=0.0, pos=array([0., 0.]), rgb=UNKNOWN, text='', units='height', win=Window(...), wrapWidth=1)
16.9010 	EXP 	Created textSleep = TextStim(__class__=<class 'psychopy.visual.text.TextStim'>, alignHoriz=method-wrapper(...), alignText='center', alignVert=method-wrapper(...), anchorHoriz='center', anchorVert='center', antialias=True, autoDraw=False, autoLog=True, bold=False, color=array([1., 1., 1.]), colorSpace='rgb', contrast=1.0, depth=0.0, draggable=False, flipHoriz=False, flipVert=False, font='Arial', fontFiles=[], height=0.05, italic=False, languageStyle='LTR', name='textSleep', opacity=1, ori=0.0, pos=array([0., 0.]), rgb=UNKNOWN, text='', units='height', win=Window(...), wrapWidth=1)
16.9017 	EXP 	Created textBlank = TextStim(__class__=<class 'psychopy.visual.text.TextStim'>, alignHoriz=method-wrapper(...), alignText='center', alignVert=method-wrapper(...), anchorHoriz='center', anchorVert='center', antialias=True, autoDraw=False, autoLog=True, bold=False, color=array([1., 1., 1.]), colorSpace='rgb', contrast=1.0, depth=0.0, draggable=False, flipHoriz=False, flipVert=False, font='Arial', fontFiles=[], height=np.float64(0.05), italic=False, languageStyle='LTR', name='textBlank', opacity=1, ori=0.0, pos=array([0., 0.]), rgb=UNKNOWN, text='', units='height', win=Window(...), wrapWidth=1)
16.9059 	EXP 	Created text_instr2 = TextStim(__class__=<class 'psychopy.visual.text.TextStim'>, alignHoriz=method-wrapper(...), alignText='center', alignVert=method-wrapper(...), anchorHoriz='center', anchorVert='center', antialias=True, autoDraw=False, autoLog=True, bold=False, color=array([1., 1., 1.]), colorSpace='rgb', contrast=1.0, depth=0.0, draggable=False, flipHoriz=False, flipVert=False, font='Arial', fontFiles=[], height=np.float64(0.05), italic=False, languageStyle='LTR', name='text_instr2', opacity=1, ori=0.0, pos=array([0., 0.]), rgb=UNKNOWN, text=str(...), units='height', win=Window(...), wrapWidth=1)
16.9118 	EXP 	Created textMath = TextStim(__class__=<class 'psychopy.visual.text.TextStim'>, alignHoriz=method-wrapper(...), alignText='center', alignVert=method-wrapper(...), anchorHoriz='center', anchorVert='center', antialias=True, autoDraw=False, autoLog=True, bold=False, color=array([1., 1., 1.]), colorSpace='rgb', contrast=1.0, depth=0.0, draggable=False, flipHoriz=False, flipVert=False, font='Arial', fontFiles=[], height=np.float64(0.05), italic=False, languageStyle='LTR', name='textMath', opacity=1, ori=0.0, pos=array([0., 0.]), rgb=UNKNOWN, text='(7 + 6) - 10 =', units='height', win=Window(...), wrapWidth=1)
16.9229 	EXP 	Created text_instr3 = TextStim(__class__=<class 'psychopy.visual.text.TextStim'>, alignHoriz=method-wrapper(...), alignText='center', alignVert=method-wrapper(...), anchorHoriz='center', anchorVert='center', antialias=True, autoDraw=False, autoLog=True, bold=False, color=array([1., 1., 1.]), colorSpace='rgb', contrast=1.0, depth=0.0, draggable=False, flipHoriz=False, flipVert=False, font='Arial', fontFiles=[], height=np.float64(0.05), italic=False, languageStyle='LTR', name='text_instr3', opacity=1, ori=0.0, pos=array([0., 0.]), rgb=UNKNOWN, text=str(...), units='height', win=Window(...), wrapWidth=1)
16.9235 	EXP 	Created textTest = TextStim(__class__=<class 'psychopy.visual.text.TextStim'>, alignHoriz=method-wrapper(...), alignText='center', alignVert=method-wrapper(...), anchorHoriz='center', anchorVert='center', antialias=True, autoDraw=False, autoLog=True, bold=False, color=array([1., 1., 1.]), colorSpace='rgb', contrast=1.0, depth=0.0, draggable=False, flipHoriz=False, flipVert=False, font='Arial', fontFiles=[], height=0.05, italic=False, languageStyle='LTR', name='textTest', opacity=1, ori=0.0, pos=array([0., 0.]), rgb=UNKNOWN, text='', units='height', win=Window(...), wrapWidth=1)
16.9242 	EXP 	Created textBlank = TextStim(__class__=<class 'psychopy.visual.text.TextStim'>, alignHoriz=method-wrapper(...), alignText='center', alignVert=method-wrapper(...), anchorHoriz='center', anchorVert='center', antialias=True, autoDraw=False, autoLog=True, bold=False, color=array([1., 1., 1.]), colorSpace='rgb', contrast=1.0, depth=0.0, draggable=False, flipHoriz=False, flipVert=False, font='Arial', fontFiles=[], height=np.float64(0.05), italic=False, languageStyle='LTR', name='textBlank', opacity=1, ori=0.0, pos=array([0., 0.]), rgb=UNKNOWN, text='', units='height', win=Window(...), wrapWidth=1)
16.9335 	EXP 	Created textThanks = TextStim(__class__=<class 'psychopy.visual.text.TextStim'>, alignHoriz=method-wrapper(...), alignText='center', alignVert=method-wrapper(...), anchorHoriz='center', anchorVert='center', antialias=True, autoDraw=False, autoLog=True, bold=False, color=array([1., 1., 1.]), colorSpace='rgb', contrast=1.0, depth=0.0, draggable=False, flipHoriz=False, flipVert=False, font='Arial', fontFiles=[], height=np.float64(0.05), italic=False, languageStyle='LTR', name='textThanks', opacity=1, ori=0.0, pos=array([0., 0.]), rgb=UNKNOWN, text=str(...), units='height', win=Window(...), wrapWidth=1)
0.0044 	EXP 	text_welcome: autoDraw = True
3.0093 	INFO 	Keyboard events cleared
3.0091 	EXP 	text_welcome: autoDraw = False
3.0091 	EXP 	text_welcome: autoDraw = False
3.0091 	EXP 	text_instr: autoDraw = True
7.3852 	EXP 	Device response: <KeyPress from None: t=7.371037399978377, value=space, duration=None>
7.3900 	EXP 	Imported drm_words.xlsx as conditions, 10 conditions, 1 params
7.3906 	EXP 	New trial (rep=0, index=0): <Trial 0 (0 in rep 0) data={'testAnger': 'fight', 'thisN': 0, 'thisTrialN': 0, 'thisRepN': 0}>
7.3930 	DATA 	Keypress: space
7.3944 	EXP 	text_instr: autoDraw = False
7.3944 	EXP 	textAnger: height = np.float64(0.05)
7.3944 	EXP 	textAnger: height = np.float64(0.05)
7.3944 	EXP 	textAnger: height = np.float64(0.05)
7.3944 	EXP 	textAnger: text = 'fight'
7.3944 	EXP 	textAnger: autoDraw = True
7.4589 	EXP 	Device response: <KeyPress from None: t=7.371037399978377, value=space, duration=0.07547280000289902>
8.4087 	EXP 	textAnger: autoDraw = False
8.4087 	EXP 	textBlank: autoDraw = True
8.8925 	EXP 	New trial (rep=0, index=1): <Trial 1 (1 in rep 0) data={'testAnger': 'hate', 'thisN': 1, 'thisTrialN': 1, 'thisRepN': 0}>
8.9089 	EXP 	textBlank: autoDraw = False
8.9089 	EXP 	textAnger: height = np.float64(0.05)
8.9089 	EXP 	textAnger: height = np.float64(0.05)
8.9089 	EXP 	textAnger: height = np.float64(0.05)
8.9089 	EXP 	textAnger: text = 'hate'
8.9089 	EXP 	textAnger: autoDraw = True
9.9089 	EXP 	textAnger: autoDraw = False
9.9089 	EXP 	textBlank: autoDraw = True
10.3922 	EXP 	New trial (rep=0, index=2): <Trial 2 (2 in rep 0) data={'testAnger': 'mean', 'thisN': 2, 'thisTrialN': 2, 'thisRepN': 0}>
10.4088 	EXP 	textBlank: autoDraw = False
10.4088 	EXP 	textAnger: height = np.float64(0.05)
10.4088 	EXP 	textAnger: height = np.float64(0.05)
10.4088 	EXP 	textAnger: height = np.float64(0.05)
10.4088 	EXP 	textAnger: text = 'mean'
10.4088 	EXP 	textAnger: autoDraw = True
11.4088 	EXP 	textAnger: autoDraw = False
11.4088 	EXP 	textBlank: autoDraw = True
11.8921 	EXP 	New trial (rep=0, index=3): <Trial 3 (3 in rep 0) data={'testAnger': 'fury', 'thisN': 3, 'thisTrialN': 3, 'thisRepN': 0}>
11.9088 	EXP 	textBlank: autoDraw = False
11.9088 	EXP 	textAnger: height = np.float64(0.05)
11.9088 	EXP 	textAnger: height = np.float64(0.05)
11.9088 	EXP 	textAnger: height = np.float64(0.05)
11.9088 	EXP 	textAnger: text = 'fury'
11.9088 	EXP 	textAnger: autoDraw = True
12.9087 	EXP 	textAnger: autoDraw = False
12.9087 	EXP 	textBlank: autoDraw = True
13.3922 	EXP 	New trial (rep=0, index=4): <Trial 4 (4 in rep 0) data={'testAnger': 'rage', 'thisN': 4, 'thisTrialN': 4, 'thisRepN': 0}>
13.4087 	EXP 	textBlank: autoDraw = False
13.4087 	EXP 	textAnger: height = np.float64(0.05)
13.4087 	EXP 	textAnger: height = np.float64(0.05)
13.4087 	EXP 	textAnger: height = np.float64(0.05)
13.4087 	EXP 	textAnger: text = 'rage'
13.4087 	EXP 	textAnger: autoDraw = True
14.4086 	EXP 	textAnger: autoDraw = False
14.4086 	EXP 	textBlank: autoDraw = True
14.8922 	EXP 	New trial (rep=0, index=5): <Trial 5 (5 in rep 0) data={'testAnger': 'wrath', 'thisN': 5, 'thisTrialN': 5, 'thisRepN': 0}>
14.9088 	EXP 	textBlank: autoDraw = False
14.9088 	EXP 	textAnger: height = np.float64(0.05)
14.9088 	EXP 	textAnger: height = np.float64(0.05)
14.9088 	EXP 	textAnger: height = np.float64(0.05)
14.9088 	EXP 	textAnger: text = 'wrath'
14.9088 	EXP 	textAnger: autoDraw = True
15.9086 	EXP 	textAnger: autoDraw = False
15.9086 	EXP 	textBlank: autoDraw = True
16.3924 	EXP 	New trial (rep=0, index=6): <Trial 6 (6 in rep 0) data={'testAnger': 'mad', 'thisN': 6, 'thisTrialN': 6, 'thisRepN': 0}>
16.4087 	EXP 	textBlank: autoDraw = False
16.4087 	EXP 	textAnger: height = np.float64(0.05)
16.4087 	EXP 	textAnger: height = np.float64(0.05)
16.4087 	EXP 	textAnger: height = np.float64(0.05)
16.4087 	EXP 	textAnger: text = 'mad'
16.4087 	EXP 	textAnger: autoDraw = True
17.4087 	EXP 	textAnger: autoDraw = False
17.4087 	EXP 	textBlank: autoDraw = True
17.8923 	EXP 	New trial (rep=0, index=7): <Trial 7 (7 in rep 0) data={'testAnger': 'emotion', 'thisN': 7, 'thisTrialN': 7, 'thisRepN': 0}>
17.9087 	EXP 	textBlank: autoDraw = False
17.9087 	EXP 	textAnger: height = np.float64(0.05)
17.9087 	EXP 	textAnger: height = np.float64(0.05)
17.9087 	EXP 	textAnger: height = np.float64(0.05)
17.9087 	EXP 	textAnger: text = 'emotion'
17.9087 	EXP 	textAnger: autoDraw = True
18.9086 	EXP 	textAnger: autoDraw = False
18.9086 	EXP 	textBlank: autoDraw = True
19.3921 	EXP 	New trial (rep=0, index=8): <Trial 8 (8 in rep 0) data={'testAnger': 'temper', 'thisN': 8, 'thisTrialN': 8, 'thisRepN': 0}>
19.4087 	EXP 	textBlank: autoDraw = False
19.4087 	EXP 	textAnger: height = np.float64(0.05)
19.4087 	EXP 	textAnger: height = np.float64(0.05)
19.4087 	EXP 	textAnger: height = np.float64(0.05)
19.4087 	EXP 	textAnger: text = 'temper'
19.4087 	EXP 	textAnger: autoDraw = True
20.4086 	EXP 	textAnger: autoDraw = False
20.4086 	EXP 	textBlank: autoDraw = True
20.8921 	EXP 	New trial (rep=0, index=9): <Trial 9 (9 in rep 0) data={'testAnger': 'fear', 'thisN': 9, 'thisTrialN': 9, 'thisRepN': 0}>
20.9086 	EXP 	textBlank: autoDraw = False
20.9086 	EXP 	textAnger: height = np.float64(0.05)
20.9086 	EXP 	textAnger: height = np.float64(0.05)
20.9086 	EXP 	textAnger: height = np.float64(0.05)
20.9086 	EXP 	textAnger: text = 'fear'
20.9086 	EXP 	textAnger: autoDraw = True
21.9086 	EXP 	textAnger: autoDraw = False
21.9086 	EXP 	textBlank: autoDraw = True
22.3985 	EXP 	Imported lureCold.xlsx as conditions, 10 conditions, 1 params
22.3988 	EXP 	New trial (rep=0, index=0): <Trial 0 (0 in rep 0) data={'lureCold': 'freeze', 'thisN': 0, 'thisTrialN': 0, 'thisRepN': 0}>
22.4089 	EXP 	textBlank: autoDraw = False
22.4089 	EXP 	textCold: height = np.float64(0.05)
22.4089 	EXP 	textCold: height = np.float64(0.05)
22.4089 	EXP 	textCold: height = np.float64(0.05)
22.4089 	EXP 	textCold: text = 'freeze'
22.4089 	EXP 	textCold: autoDraw = True
23.4097 	EXP 	textCold: autoDraw = False
23.4097 	EXP 	textBlank: autoDraw = True
23.8921 	EXP 	New trial (rep=0, index=1): <Trial 1 (1 in rep 0) data={'lureCold': 'winter', 'thisN': 1, 'thisTrialN': 1, 'thisRepN': 0}>
23.9084 	EXP 	textBlank: autoDraw = False
23.9084 	EXP 	textCold: height = np.float64(0.05)
23.9084 	EXP 	textCold: height = np.float64(0.05)
23.9084 	EXP 	textCold: height = np.float64(0.05)
23.9084 	EXP 	textCold: text = 'winter'
23.9084 	EXP 	textCold: autoDraw = True
24.9086 	EXP 	textCold: autoDraw = False
24.9086 	EXP 	textBlank: autoDraw = True
25.3926 	EXP 	New trial (rep=0, index=2): <Trial 2 (2 in rep 0) data={'lureCold': 'weather', 'thisN': 2, 'thisTrialN': 2, 'thisRepN': 0}>
25.4087 	EXP 	textBlank: autoDraw = False
25.4087 	EXP 	textCold: height = np.float64(0.05)
25.4087 	EXP 	textCold: height = np.float64(0.05)
25.4087 	EXP 	textCold: height = np.float64(0.05)
25.4087 	EXP 	textCold: text = 'weather'
25.4087 	EXP 	textCold: autoDraw = True
26.4086 	EXP 	textCold: autoDraw = False
26.4086 	EXP 	textBlank: autoDraw = True
26.8920 	EXP 	New trial (rep=0, index=3): <Trial 3 (3 in rep 0) data={'lureCold': 'snow', 'thisN': 3, 'thisTrialN': 3, 'thisRepN': 0}>
26.9086 	EXP 	textBlank: autoDraw = False
26.9086 	EXP 	textCold: height = np.float64(0.05)
26.9086 	EXP 	textCold: height = np.float64(0.05)
26.9086 	EXP 	textCold: height = np.float64(0.05)
26.9086 	EXP 	textCold: text = 'snow'
26.9086 	EXP 	textCold: autoDraw = True
27.9085 	EXP 	textCold: autoDraw = False
27.9085 	EXP 	textBlank: autoDraw = True
28.3921 	EXP 	New trial (rep=0, index=4): <Trial 4 (4 in rep 0) data={'lureCold': 'ice', 'thisN': 4, 'thisTrialN': 4, 'thisRepN': 0}>
28.4085 	EXP 	textBlank: autoDraw = False
28.4085 	EXP 	textCold: height = np.float64(0.05)
28.4085 	EXP 	textCold: height = np.float64(0.05)
28.4085 	EXP 	textCold: height = np.float64(0.05)
28.4085 	EXP 	textCold: text = 'ice'
28.4085 	EXP 	textCold: autoDraw = True
29.4084 	EXP 	textCold: autoDraw = False
29.4084 	EXP 	textBlank: autoDraw = True
29.8922 	EXP 	New trial (rep=0, index=5): <Trial 5 (5 in rep 0) data={'lureCold': 'wet', 'thisN': 5, 'thisTrialN': 5, 'thisRepN': 0}>
29.9084 	EXP 	textBlank: autoDraw = False
29.9084 	EXP 	textCold: height = np.float64(0.05)
29.9084 	EXP 	textCold: height = np.float64(0.05)
29.9084 	EXP 	textCold: height = np.float64(0.05)
29.9084 	EXP 	textCold: text = 'wet'
29.9084 	EXP 	textCold: autoDraw = True
30.9084 	EXP 	textCold: autoDraw = False
30.9084 	EXP 	textBlank: autoDraw = True
31.3923 	EXP 	New trial (rep=0, index=6): <Trial 6 (6 in rep 0) data={'lureCold': 'chilly', 'thisN': 6, 'thisTrialN': 6, 'thisRepN': 0}>
31.4087 	EXP 	textBlank: autoDraw = False
31.4087 	EXP 	textCold: height = np.float64(0.05)
31.4087 	EXP 	textCold: height = np.float64(0.05)
31.4087 	EXP 	textCold: height = np.float64(0.05)
31.4087 	EXP 	textCold: text = 'chilly'
31.4087 	EXP 	textCold: autoDraw = True
32.4085 	EXP 	textCold: autoDraw = False
32.4085 	EXP 	textBlank: autoDraw = True
32.8924 	EXP 	New trial (rep=0, index=7): <Trial 7 (7 in rep 0) data={'lureCold': 'shiver', 'thisN': 7, 'thisTrialN': 7, 'thisRepN': 0}>
32.9086 	EXP 	textBlank: autoDraw = False
32.9086 	EXP 	textCold: height = np.float64(0.05)
32.9086 	EXP 	textCold: height = np.float64(0.05)
32.9086 	EXP 	textCold: height = np.float64(0.05)
32.9086 	EXP 	textCold: text = 'shiver'
32.9086 	EXP 	textCold: autoDraw = True
33.9084 	EXP 	textCold: autoDraw = False
33.9084 	EXP 	textBlank: autoDraw = True
34.3921 	EXP 	New trial (rep=0, index=8): <Trial 8 (8 in rep 0) data={'lureCold': 'hot', 'thisN': 8, 'thisTrialN': 8, 'thisRepN': 0}>
34.4083 	EXP 	textBlank: autoDraw = False
34.4083 	EXP 	textCold: height = np.float64(0.05)
34.4083 	EXP 	textCold: height = np.float64(0.05)
34.4083 	EXP 	textCold: height = np.float64(0.05)
34.4083 	EXP 	textCold: text = 'hot'
34.4083 	EXP 	textCold: autoDraw = True
35.4084 	EXP 	textCold: autoDraw = False
35.4084 	EXP 	textBlank: autoDraw = True
35.8920 	EXP 	New trial (rep=0, index=9): <Trial 9 (9 in rep 0) data={'lureCold': 'air', 'thisN': 9, 'thisTrialN': 9, 'thisRepN': 0}>
35.9084 	EXP 	textBlank: autoDraw = False
35.9084 	EXP 	textCold: height = np.float64(0.05)
35.9084 	EXP 	textCold: height = np.float64(0.05)
35.9084 	EXP 	textCold: height = np.float64(0.05)
35.9084 	EXP 	textCold: text = 'air'
35.9084 	EXP 	textCold: autoDraw = True
36.9085 	EXP 	textCold: autoDraw = False
36.9085 	EXP 	textBlank: autoDraw = True
37.4564 	EXP 	Imported lureSleep.xlsx as conditions, 10 conditions, 1 params
37.4566 	EXP 	New trial (rep=0, index=0): <Trial 0 (0 in rep 0) data={'lureSleep': 'nap', 'thisN': 0, 'thisTrialN': 0, 'thisRepN': 0}>
37.4604 	EXP 	textBlank: autoDraw = False
37.4604 	EXP 	textSleep: height = np.float64(0.05)
37.4604 	EXP 	textSleep: height = np.float64(0.05)
37.4604 	EXP 	textSleep: height = np.float64(0.05)
37.4604 	EXP 	textSleep: text = 'nap'
37.4604 	EXP 	textSleep: autoDraw = True
38.4082 	EXP 	textSleep: autoDraw = False
38.4082 	EXP 	textBlank: autoDraw = True
38.8920 	EXP 	New trial (rep=0, index=1): <Trial 1 (1 in rep 0) data={'lureSleep': 'dream', 'thisN': 1, 'thisTrialN': 1, 'thisRepN': 0}>
38.9084 	EXP 	textBlank: autoDraw = False
38.9084 	EXP 	textSleep: height = np.float64(0.05)
38.9084 	EXP 	textSleep: height = np.float64(0.05)
38.9084 	EXP 	textSleep: height = np.float64(0.05)
38.9084 	EXP 	textSleep: text = 'dream'
38.9084 	EXP 	textSleep: autoDraw = True
39.9083 	EXP 	textSleep: autoDraw = False
39.9083 	EXP 	textBlank: autoDraw = True
40.3917 	EXP 	New trial (rep=0, index=2): <Trial 2 (2 in rep 0) data={'lureSleep': 'tired', 'thisN': 2, 'thisTrialN': 2, 'thisRepN': 0}>
40.4083 	EXP 	textBlank: autoDraw = False
40.4083 	EXP 	textSleep: height = np.float64(0.05)
40.4083 	EXP 	textSleep: height = np.float64(0.05)
40.4083 	EXP 	textSleep: height = np.float64(0.05)
40.4083 	EXP 	textSleep: text = 'tired'
40.4083 	EXP 	textSleep: autoDraw = True
41.4084 	EXP 	textSleep: autoDraw = False
41.4084 	EXP 	textBlank: autoDraw = True
41.8922 	EXP 	New trial (rep=0, index=3): <Trial 3 (3 in rep 0) data={'lureSleep': 'slumber', 'thisN': 3, 'thisTrialN': 3, 'thisRepN': 0}>
41.9084 	EXP 	textBlank: autoDraw = False
41.9084 	EXP 	textSleep: height = np.float64(0.05)
41.9084 	EXP 	textSleep: height = np.float64(0.05)
41.9084 	EXP 	textSleep: height = np.float64(0.05)
41.9084 	EXP 	textSleep: text = 'slumber'
41.9084 	EXP 	textSleep: autoDraw = True
42.9084 	EXP 	textSleep: autoDraw = False
42.9084 	EXP 	textBlank: autoDraw = True
43.3929 	EXP 	New trial (rep=0, index=4): <Trial 4 (4 in rep 0) data={'lureSleep': 'blanket', 'thisN': 4, 'thisTrialN': 4, 'thisRepN': 0}>
43.4084 	EXP 	textBlank: autoDraw = False
43.4084 	EXP 	textSleep: height = np.float64(0.05)
43.4084 	EXP 	textSleep: height = np.float64(0.05)
43.4084 	EXP 	textSleep: height = np.float64(0.05)
43.4084 	EXP 	textSleep: text = 'blanket'
43.4084 	EXP 	textSleep: autoDraw = True
44.4088 	EXP 	textSleep: autoDraw = False
44.4088 	EXP 	textBlank: autoDraw = True
44.8922 	EXP 	New trial (rep=0, index=5): <Trial 5 (5 in rep 0) data={'lureSleep': 'rest', 'thisN': 5, 'thisTrialN': 5, 'thisRepN': 0}>
44.9087 	EXP 	textBlank: autoDraw = False
44.9087 	EXP 	textSleep: height = np.float64(0.05)
44.9087 	EXP 	textSleep: height = np.float64(0.05)
44.9087 	EXP 	textSleep: height = np.float64(0.05)
44.9087 	EXP 	textSleep: text = 'rest'
44.9087 	EXP 	textSleep: autoDraw = True
45.9085 	EXP 	textSleep: autoDraw = False
45.9085 	EXP 	textBlank: autoDraw = True
46.3925 	EXP 	New trial (rep=0, index=6): <Trial 6 (6 in rep 0) data={'lureSleep': 'bed', 'thisN': 6, 'thisTrialN': 6, 'thisRepN': 0}>
46.4088 	EXP 	textBlank: autoDraw = False
46.4088 	EXP 	textSleep: height = np.float64(0.05)
46.4088 	EXP 	textSleep: height = np.float64(0.05)
46.4088 	EXP 	textSleep: height = np.float64(0.05)
46.4088 	EXP 	textSleep: text = 'bed'
46.4088 	EXP 	textSleep: autoDraw = True
47.4085 	EXP 	textSleep: autoDraw = False
47.4085 	EXP 	textBlank: autoDraw = True
47.8925 	EXP 	New trial (rep=0, index=7): <Trial 7 (7 in rep 0) data={'lureSleep': 'awake', 'thisN': 7, 'thisTrialN': 7, 'thisRepN': 0}>
47.9085 	EXP 	textBlank: autoDraw = False
47.9085 	EXP 	textSleep: height = np.float64(0.05)
47.9085 	EXP 	textSleep: height = np.float64(0.05)
47.9085 	EXP 	textSleep: height = np.float64(0.05)
47.9085 	EXP 	textSleep: text = 'awake'
47.9085 	EXP 	textSleep: autoDraw = True
48.9086 	EXP 	textSleep: autoDraw = False
48.9086 	EXP 	textBlank: autoDraw = True
49.3920 	EXP 	New trial (rep=0, index=8): <Trial 8 (8 in rep 0) data={'lureSleep': 'snore', 'thisN': 8, 'thisTrialN': 8, 'thisRepN': 0}>
49.4082 	EXP 	textBlank: autoDraw = False
49.4082 	EXP 	textSleep: height = np.float64(0.05)
49.4082 	EXP 	textSleep: height = np.float64(0.05)
49.4082 	EXP 	textSleep: height = np.float64(0.05)
49.4082 	EXP 	textSleep: text = 'snore'
49.4082 	EXP 	textSleep: autoDraw = True
50.4080 	EXP 	textSleep: autoDraw = False
50.4080 	EXP 	textBlank: autoDraw = True
50.8916 	EXP 	New trial (rep=0, index=9): <Trial 9 (9 in rep 0) data={'lureSleep': 'yawn', 'thisN': 9, 'thisTrialN': 9, 'thisRepN': 0}>
50.9079 	EXP 	textBlank: autoDraw = False
50.9079 	EXP 	textSleep: height = np.float64(0.05)
50.9079 	EXP 	textSleep: height = np.float64(0.05)
50.9079 	EXP 	textSleep: height = np.float64(0.05)
50.9079 	EXP 	textSleep: text = 'yawn'
50.9079 	EXP 	textSleep: autoDraw = True
51.9083 	EXP 	textSleep: autoDraw = False
51.9083 	EXP 	textBlank: autoDraw = True
52.4088 	INFO 	Keyboard events cleared
52.4087 	EXP 	textBlank: autoDraw = False
52.4087 	EXP 	text_instr2: autoDraw = True
55.1418 	EXP 	Device response: <KeyPress from None: t=55.139243500016164, value=space, duration=None>
55.1445 	DATA 	Keypress: space
55.1582 	INFO 	Keyboard events cleared
55.1581 	EXP 	text_instr2: autoDraw = False
55.1581 	EXP 	textMath: autoDraw = True
55.2423 	EXP 	Device response: <KeyPress from None: t=55.139243500016164, value=space, duration=0.08602879999671131>
58.6758 	EXP 	Device response: <KeyPress from None: t=58.66189389995998, value=3, duration=None>
58.6802 	DATA 	Keypress: 3
58.6928 	INFO 	Keyboard events cleared
58.6926 	EXP 	textMath: autoDraw = False
58.6926 	EXP 	text_instr3: autoDraw = True
58.7428 	EXP 	Device response: <KeyPress from None: t=58.66189389995998, value=3, duration=0.06963060004636645>
76.6601 	DATA 	Keypress: space
76.6753 	EXP 	Device response: <KeyPress from None: t=76.65913419995923, value=space, duration=None>
76.6843 	EXP 	Imported test_file.xlsx as conditions, 10 conditions, 2 params
76.6848 	EXP 	New trial (rep=0, index=0): <Trial 0 (0 in rep 0) data={'final_test': 'bed', 'corrAns': 'y', 'thisN': 0, 'thisTrialN': 0, 'thisRepN': 0}>
76.6918 	INFO 	Keyboard events cleared
76.6917 	EXP 	text_instr3: autoDraw = False
76.6917 	EXP 	textTest: height = np.float64(0.05)
76.6917 	EXP 	textTest: height = np.float64(0.05)
76.6917 	EXP 	textTest: height = np.float64(0.05)
76.6917 	EXP 	textTest: text = 'bed'
76.6917 	EXP 	textTest: autoDraw = True
76.7751 	EXP 	Device response: <KeyPress from None: t=76.65913419995923, value=space, duration=0.10260970005765557>
87.2253 	EXP 	Device response: <KeyPress from None: t=87.22187020001002, value=n, duration=None>
87.2266 	DATA 	Keypress: n
87.2413 	EXP 	textTest: autoDraw = False
87.2413 	EXP 	textBlank: autoDraw = True
87.3415 	EXP 	Device response: <KeyPress from None: t=87.22187020001002, value=n, duration=0.11876329994993284>
87.7249 	EXP 	New trial (rep=0, index=1): <Trial 1 (1 in rep 0) data={'final_test': 'mad', 'corrAns': 'y', 'thisN': 1, 'thisTrialN': 1, 'thisRepN': 0}>
87.7415 	INFO 	Keyboard events cleared
87.7413 	EXP 	textBlank: autoDraw = False
87.7413 	EXP 	textBlank: autoDraw = False
87.7413 	EXP 	textTest: height = np.float64(0.05)
87.7413 	EXP 	textTest: height = np.float64(0.05)
87.7413 	EXP 	textTest: height = np.float64(0.05)
87.7413 	EXP 	textTest: text = 'mad'
87.7413 	EXP 	textTest: autoDraw = True
88.8918 	EXP 	Device response: <KeyPress from None: t=88.87870080000721, value=y, duration=None>
88.8935 	DATA 	Keypress: y
88.9079 	EXP 	textTest: autoDraw = False
88.9079 	EXP 	textBlank: autoDraw = True
89.0086 	EXP 	Device response: <KeyPress from None: t=88.87870080000721, value=y, duration=0.11923999997088686>
89.3916 	EXP 	New trial (rep=0, index=2): <Trial 2 (2 in rep 0) data={'final_test': 'guitar', 'corrAns': 'n', 'thisN': 2, 'thisTrialN': 2, 'thisRepN': 0}>
89.4082 	INFO 	Keyboard events cleared
89.4081 	EXP 	textBlank: autoDraw = False
89.4081 	EXP 	textBlank: autoDraw = False
89.4081 	EXP 	textTest: height = np.float64(0.05)
89.4081 	EXP 	textTest: height = np.float64(0.05)
89.4081 	EXP 	textTest: height = np.float64(0.05)
89.4081 	EXP 	textTest: text = 'guitar'
89.4081 	EXP 	textTest: autoDraw = True
90.1252 	EXP 	Device response: <KeyPress from None: t=90.11101090000011, value=n, duration=None>
90.1263 	DATA 	Keypress: n
90.1412 	EXP 	textTest: autoDraw = False
90.1412 	EXP 	textBlank: autoDraw = True
90.1920 	EXP 	Device response: <KeyPress from None: t=90.11101090000011, value=n, duration=0.06607609998900443>
90.6252 	EXP 	New trial (rep=0, index=3): <Trial 3 (3 in rep 0) data={'final_test': 'ocean', 'corrAns': 'n', 'thisN': 3, 'thisTrialN': 3, 'thisRepN': 0}>
90.6415 	INFO 	Keyboard events cleared
90.6414 	EXP 	textBlank: autoDraw = False
90.6414 	EXP 	textBlank: autoDraw = False
90.6414 	EXP 	textTest: height = np.float64(0.05)
90.6414 	EXP 	textTest: height = np.float64(0.05)
90.6414 	EXP 	textTest: height = np.float64(0.05)
90.6414 	EXP 	textTest: text = 'ocean'
90.6414 	EXP 	textTest: autoDraw = True
92.2414 	EXP 	Device response: <KeyPress from None: t=92.22942029999103, value=n, duration=None>
92.2426 	DATA 	Keypress: n
92.2578 	EXP 	textTest: autoDraw = False
92.2578 	EXP 	textBlank: autoDraw = True
92.3418 	EXP 	Device response: <KeyPress from None: t=92.22942029999103, value=n, duration=0.09665000002132729>
92.7419 	EXP 	New trial (rep=0, index=4): <Trial 4 (4 in rep 0) data={'final_test': 'snow', 'corrAns': 'y', 'thisN': 4, 'thisTrialN': 4, 'thisRepN': 0}>
92.7582 	INFO 	Keyboard events cleared
92.7581 	EXP 	textBlank: autoDraw = False
92.7581 	EXP 	textBlank: autoDraw = False
92.7581 	EXP 	textTest: height = np.float64(0.05)
92.7581 	EXP 	textTest: height = np.float64(0.05)
92.7581 	EXP 	textTest: height = np.float64(0.05)
92.7581 	EXP 	textTest: text = 'snow'
92.7581 	EXP 	textTest: autoDraw = True
96.6916 	EXP 	Device response: <KeyPress from None: t=96.69041799998377, value=n, duration=None>
96.6925 	DATA 	Keypress: n
96.7075 	EXP 	textTest: autoDraw = False
96.7075 	EXP 	textBlank: autoDraw = True
96.7747 	EXP 	Device response: <KeyPress from None: t=96.69041799998377, value=n, duration=0.07583789998898283>
97.1915 	EXP 	New trial (rep=0, index=5): <Trial 5 (5 in rep 0) data={'final_test': 'anger', 'corrAns': 'n', 'thisN': 5, 'thisTrialN': 5, 'thisRepN': 0}>
97.2079 	INFO 	Keyboard events cleared
97.2077 	EXP 	textBlank: autoDraw = False
97.2077 	EXP 	textBlank: autoDraw = False
97.2077 	EXP 	textTest: height = np.float64(0.05)
97.2077 	EXP 	textTest: height = np.float64(0.05)
97.2077 	EXP 	textTest: height = np.float64(0.05)
97.2077 	EXP 	textTest: text = 'anger'
97.2077 	EXP 	textTest: autoDraw = True
98.8745 	EXP 	Device response: <KeyPress from None: t=98.86735199997202, value=n, duration=None>
98.8760 	DATA 	Keypress: n
98.8910 	EXP 	textTest: autoDraw = False
98.8910 	EXP 	textBlank: autoDraw = True
98.9744 	EXP 	Device response: <KeyPress from None: t=98.86735199997202, value=n, duration=0.09922910004388541>
99.3746 	EXP 	New trial (rep=0, index=6): <Trial 6 (6 in rep 0) data={'final_test': 'cold', 'corrAns': 'n', 'thisN': 6, 'thisTrialN': 6, 'thisRepN': 0}>
99.3912 	INFO 	Keyboard events cleared
99.3910 	EXP 	textBlank: autoDraw = False
99.3910 	EXP 	textBlank: autoDraw = False
99.3910 	EXP 	textTest: height = np.float64(0.05)
99.3910 	EXP 	textTest: height = np.float64(0.05)
99.3910 	EXP 	textTest: height = np.float64(0.05)
99.3910 	EXP 	textTest: text = 'cold'
99.3910 	EXP 	textTest: autoDraw = True
100.2746 	EXP 	Device response: <KeyPress from None: t=100.2675908000092, value=y, duration=None>
100.2758 	DATA 	Keypress: y
100.2908 	EXP 	textTest: autoDraw = False
100.2908 	EXP 	textBlank: autoDraw = True
100.3577 	EXP 	Device response: <KeyPress from None: t=100.2675908000092, value=y, duration=0.07919309998396784>
100.7746 	EXP 	New trial (rep=0, index=7): <Trial 7 (7 in rep 0) data={'final_test': 'sleep', 'corrAns': 'n', 'thisN': 7, 'thisTrialN': 7, 'thisRepN': 0}>
100.7910 	INFO 	Keyboard events cleared
100.7908 	EXP 	textBlank: autoDraw = False
100.7908 	EXP 	textBlank: autoDraw = False
100.7908 	EXP 	textTest: height = np.float64(0.05)
100.7908 	EXP 	textTest: height = np.float64(0.05)
100.7908 	EXP 	textTest: height = np.float64(0.05)
100.7908 	EXP 	textTest: text = 'sleep'
100.7908 	EXP 	textTest: autoDraw = True
101.7917 	EXP 	Device response: <KeyPress from None: t=101.78166169999167, value=y, duration=None>
101.7934 	DATA 	Keypress: y
101.8079 	EXP 	textTest: autoDraw = False
101.8079 	EXP 	textBlank: autoDraw = True
101.8757 	EXP 	Device response: <KeyPress from None: t=101.78166169999167, value=y, duration=0.09290460002375767>
102.2922 	EXP 	New trial (rep=0, index=8): <Trial 8 (8 in rep 0) data={'final_test': 'dream', 'corrAns': 'y', 'thisN': 8, 'thisTrialN': 8, 'thisRepN': 0}>
102.3080 	INFO 	Keyboard events cleared
102.3079 	EXP 	textBlank: autoDraw = False
102.3079 	EXP 	textBlank: autoDraw = False
102.3079 	EXP 	textTest: height = np.float64(0.05)
102.3079 	EXP 	textTest: height = np.float64(0.05)
102.3079 	EXP 	textTest: height = np.float64(0.05)
102.3079 	EXP 	textTest: text = 'dream'
102.3079 	EXP 	textTest: autoDraw = True
102.8752 	EXP 	Device response: <KeyPress from None: t=102.86592169996584, value=y, duration=None>
102.8770 	DATA 	Keypress: y
102.8911 	EXP 	textTest: autoDraw = False
102.8911 	EXP 	textBlank: autoDraw = True
102.9752 	EXP 	Device response: <KeyPress from None: t=102.86592169996584, value=y, duration=0.09301589999813586>
103.3753 	EXP 	New trial (rep=0, index=9): <Trial 9 (9 in rep 0) data={'final_test': 'apple', 'corrAns': 'n', 'thisN': 9, 'thisTrialN': 9, 'thisRepN': 0}>
103.3915 	INFO 	Keyboard events cleared
103.3914 	EXP 	textBlank: autoDraw = False
103.3914 	EXP 	textBlank: autoDraw = False
103.3914 	EXP 	textTest: height = np.float64(0.05)
103.3914 	EXP 	textTest: height = np.float64(0.05)
103.3914 	EXP 	textTest: height = np.float64(0.05)
103.3914 	EXP 	textTest: text = 'apple'
103.3914 	EXP 	textTest: autoDraw = True
104.1937 	DATA 	Keypress: n
104.2081 	EXP 	Device response: <KeyPress from None: t=104.19247509998968, value=n, duration=None>
104.2246 	EXP 	textTest: autoDraw = False
104.2246 	EXP 	textBlank: autoDraw = True
104.2919 	EXP 	Device response: <KeyPress from None: t=104.19247509998968, value=n, duration=0.0894424999714829>
104.7249 	INFO 	Keyboard events cleared
104.7247 	EXP 	textBlank: autoDraw = False
104.7247 	EXP 	textBlank: autoDraw = False
104.7247 	EXP 	textThanks: autoDraw = True
106.6746 	EXP 	Device response: <KeyPress from None: t=106.66375969996443, value=space, duration=None>
106.6755 	DATA 	Keypress: space
106.6909 	EXP 	textThanks: autoDraw = False
106.6911 	EXP 	solo_project_drm: status = STOPPED
106.7066 	INFO 	saved data to 'C:\\Users\\Dell\\OneDrive\\Desktop\\PSY310\\SOLO PROJECT\\data\\2_solo_project_drm_2025-11-19_16h00.14.191.csv'
106.7093 	INFO 	saved data to C:\Users\Dell\OneDrive\Desktop\PSY310\SOLO PROJECT\data\2_solo_project_drm_2025-11-19_16h00.14.191.psydat
106.9915 	WARNING 	Stopping key buffers but this could be dangerous ifother keyboards rely on the same.
107.0310 	WARNING 	Stopping key buffers but this could be dangerous ifother keyboards rely on the same.
107.0311 	WARNING 	Stopping key buffers but this could be dangerous ifother keyboards rely on the same.
107.0311 	WARNING 	Stopping key buffers but this could be dangerous ifother keyboards rely on the same.
107.0311 	WARNING 	Stopping key buffers but this could be dangerous ifother keyboards rely on the same.
107.0311 	WARNING 	Stopping key buffers but this could be dangerous ifother keyboards rely on the same.
107.0311 	WARNING 	Stopping key buffers but this could be dangerous ifother keyboards rely on the same.
