8.6712 	INFO 	Loaded monitor calibration from ['2025_08_21 09:54']
8.6795 	WARNING 	User requested fullscreen with size [1024  768], but screen is actually [1920, 1200]. Using actual size
9.3667 	INFO 	Using renderer 'Intel(R) UHD Graphics' for graphics
9.3667 	INFO 	OpenGL version supported by driver is 4..
9.4614 	EXP 	Created window1 = Window(allowGUI=False, allowStencil=False, autoLog=True, backendConf=UNKNOWN, backgroundFit=<method-wrapper '__getattribute__' of attributeSetter object at 0x00000285D9825B70>, backgroundImage=<method-wrapper '__getattribute__' of attributeSetter object at 0x00000285D9825B10>, bitsMode=UNKNOWN, blendMode='avg', bpc=(8, 8, 8), color=array([0, 0, 0]), colorSpace='rgb', depthBits=8, fullscr=True, gamma=None, gammaErrorPolicy='raise', infoMsg=UNKNOWN, lms=UNKNOWN, monitor=<psychopy.monitors.calibTools.Monitor object at 0x00000285D98D73D0>, multiSample=False, name='window1', numSamples=2, pos=[np.float64(0.0), np.float64(0.0)], screen=0, size=array([1920, 1200]), stencilBits=0, stereo=False, title='PsychoPy', units='height', useFBO=True, useRetina=False, viewOri=0.0, viewPos=None, viewScale=None, waitBlanking=True, winType='pyglet')
9.4615 	EXP 	window1: backgroundImage = ''
9.4615 	EXP 	window1: backgroundFit = 'none'
9.9513 	EXP 	window1: Attempting to measure frame rate of screen (0) ...
9.9513 	EXP 	window1: recordFrameIntervals = False
10.1082 	EXP 	window1: recordFrameIntervals = True
10.2916 	EXP 	Screen (0) actual frame rate measured at 60.07Hz
10.2917 	EXP 	window1: recordFrameIntervals = False
10.4963 	INFO 	keyboard.Keyboard is using ptb backend.
10.4965 	INFO 	keyboard.Keyboard is using ptb backend.
10.4965 	INFO 	keyboard.Keyboard is using ptb backend.
10.4966 	INFO 	keyboard.Keyboard is using ptb backend.
10.4966 	INFO 	keyboard.Keyboard is using ptb backend.
10.4967 	INFO 	keyboard.Keyboard is using ptb backend.
10.4969 	INFO 	keyboard.Keyboard is using ptb backend.
10.4969 	EXP 	solo_project_drm: status = STARTED
10.5823 	EXP 	Created text_welcome = TextStim(__class__=<class 'psychopy.visual.text.TextStim'>, alignHoriz=method-wrapper(...), alignText='center', alignVert=method-wrapper(...), anchorHoriz='center', anchorVert='center', antialias=True, autoDraw=False, autoLog=True, bold=False, color=array([1., 1., 1.]), colorSpace='rgb', contrast=1.0, depth=0.0, draggable=False, flipHoriz=False, flipVert=False, font='Arial', fontFiles=[], height=np.float64(0.05), italic=False, languageStyle='LTR', name='text_welcome', opacity=1, ori=0.0, pos=array([0., 0.]), rgb=UNKNOWN, text='Welcome to my experiment.', units='height', win=Window(...), wrapWidth=1)
10.6007 	EXP 	Created text_instr = TextStim(__class__=<class 'psychopy.visual.text.TextStim'>, alignHoriz=method-wrapper(...), alignText='center', alignVert=method-wrapper(...), anchorHoriz='center', anchorVert='center', antialias=True, autoDraw=False, autoLog=True, bold=False, color=array([1., 1., 1.]), colorSpace='rgb', contrast=1.0, depth=0.0, draggable=False, flipHoriz=False, flipVert=False, font='Arial', fontFiles=[], height=np.float64(0.05), italic=False, languageStyle='LTR', name='text_instr', opacity=1, ori=0.0, pos=array([0., 0.]), rgb=UNKNOWN, text=str(...), units='height', win=Window(...), wrapWidth=1)
10.6013 	EXP 	Created textAnger = TextStim(__class__=<class 'psychopy.visual.text.TextStim'>, alignHoriz=method-wrapper(...), alignText='center', alignVert=method-wrapper(...), anchorHoriz='center', anchorVert='center', antialias=True, autoDraw=False, autoLog=True, bold=False, color=array([1., 1., 1.]), colorSpace='rgb', contrast=1.0, depth=0.0, draggable=False, flipHoriz=False, flipVert=False, font='Arial', fontFiles=[], height=0.05, italic=False, languageStyle='LTR', name='textAnger', opacity=1, ori=0.0, pos=array([0., 0.]), rgb=UNKNOWN, text='', units='height', win=Window(...), wrapWidth=1)
10.6020 	EXP 	Created textBlank = TextStim(__class__=<class 'psychopy.visual.text.TextStim'>, alignHoriz=method-wrapper(...), alignText='center', alignVert=method-wrapper(...), anchorHoriz='center', anchorVert='center', antialias=True, autoDraw=False, autoLog=True, bold=False, color=array([1., 1., 1.]), colorSpace='rgb', contrast=1.0, depth=0.0, draggable=False, flipHoriz=False, flipVert=False, font='Arial', fontFiles=[], height=np.float64(0.05), italic=False, languageStyle='LTR', name='textBlank', opacity=1, ori=0.0, pos=array([0., 0.]), rgb=UNKNOWN, text='', units='height', win=Window(...), wrapWidth=1)
10.6026 	EXP 	Created textCold = TextStim(__class__=<class 'psychopy.visual.text.TextStim'>, alignHoriz=method-wrapper(...), alignText='center', alignVert=method-wrapper(...), anchorHoriz='center', anchorVert='center', antialias=True, autoDraw=False, autoLog=True, bold=False, color=array([1., 1., 1.]), colorSpace='rgb', contrast=1.0, depth=0.0, draggable=False, flipHoriz=False, flipVert=False, font='Arial', fontFiles=[], height=0.05, italic=False, languageStyle='LTR', name='textCold', opacity=1, ori=0.0, pos=array([0., 0.]), rgb=UNKNOWN, text='', units='height', win=Window(...), wrapWidth=1)
10.6032 	EXP 	Created textBlank = TextStim(__class__=<class 'psychopy.visual.text.TextStim'>, alignHoriz=method-wrapper(...), alignText='center', alignVert=method-wrapper(...), anchorHoriz='center', anchorVert='center', antialias=True, autoDraw=False, autoLog=True, bold=False, color=array([1., 1., 1.]), colorSpace='rgb', contrast=1.0, depth=0.0, draggable=False, flipHoriz=False, flipVert=False, font='Arial', fontFiles=[], height=np.float64(0.05), italic=False, languageStyle='LTR', name='textBlank', opacity=1, ori=0.0, pos=array([0., 0.]), rgb=UNKNOWN, text='', units='height', win=Window(...), wrapWidth=1)
10.6041 	EXP 	Created textSleep = TextStim(__class__=<class 'psychopy.visual.text.TextStim'>, alignHoriz=method-wrapper(...), alignText='center', alignVert=method-wrapper(...), anchorHoriz='center', anchorVert='center', antialias=True, autoDraw=False, autoLog=True, bold=False, color=array([1., 1., 1.]), colorSpace='rgb', contrast=1.0, depth=0.0, draggable=False, flipHoriz=False, flipVert=False, font='Arial', fontFiles=[], height=0.05, italic=False, languageStyle='LTR', name='textSleep', opacity=1, ori=0.0, pos=array([0., 0.]), rgb=UNKNOWN, text='', units='height', win=Window(...), wrapWidth=1)
10.6048 	EXP 	Created textBlank = TextStim(__class__=<class 'psychopy.visual.text.TextStim'>, alignHoriz=method-wrapper(...), alignText='center', alignVert=method-wrapper(...), anchorHoriz='center', anchorVert='center', antialias=True, autoDraw=False, autoLog=True, bold=False, color=array([1., 1., 1.]), colorSpace='rgb', contrast=1.0, depth=0.0, draggable=False, flipHoriz=False, flipVert=False, font='Arial', fontFiles=[], height=np.float64(0.05), italic=False, languageStyle='LTR', name='textBlank', opacity=1, ori=0.0, pos=array([0., 0.]), rgb=UNKNOWN, text='', units='height', win=Window(...), wrapWidth=1)
10.6096 	EXP 	Created text_instr2 = TextStim(__class__=<class 'psychopy.visual.text.TextStim'>, alignHoriz=method-wrapper(...), alignText='center', alignVert=method-wrapper(...), anchorHoriz='center', anchorVert='center', antialias=True, autoDraw=False, autoLog=True, bold=False, color=array([1., 1., 1.]), colorSpace='rgb', contrast=1.0, depth=0.0, draggable=False, flipHoriz=False, flipVert=False, font='Arial', fontFiles=[], height=np.float64(0.05), italic=False, languageStyle='LTR', name='text_instr2', opacity=1, ori=0.0, pos=array([0., 0.]), rgb=UNKNOWN, text=str(...), units='height', win=Window(...), wrapWidth=1)
10.6179 	EXP 	Created textMath = TextStim(__class__=<class 'psychopy.visual.text.TextStim'>, alignHoriz=method-wrapper(...), alignText='center', alignVert=method-wrapper(...), anchorHoriz='center', anchorVert='center', antialias=True, autoDraw=False, autoLog=True, bold=False, color=array([1., 1., 1.]), colorSpace='rgb', contrast=1.0, depth=0.0, draggable=False, flipHoriz=False, flipVert=False, font='Arial', fontFiles=[], height=np.float64(0.05), italic=False, languageStyle='LTR', name='textMath', opacity=1, ori=0.0, pos=array([0., 0.]), rgb=UNKNOWN, text='(7 + 6) - 10 =', units='height', win=Window(...), wrapWidth=1)
10.6351 	EXP 	Created text_instr3 = TextStim(__class__=<class 'psychopy.visual.text.TextStim'>, alignHoriz=method-wrapper(...), alignText='center', alignVert=method-wrapper(...), anchorHoriz='center', anchorVert='center', antialias=True, autoDraw=False, autoLog=True, bold=False, color=array([1., 1., 1.]), colorSpace='rgb', contrast=1.0, depth=0.0, draggable=False, flipHoriz=False, flipVert=False, font='Arial', fontFiles=[], height=np.float64(0.05), italic=False, languageStyle='LTR', name='text_instr3', opacity=1, ori=0.0, pos=array([0., 0.]), rgb=UNKNOWN, text=str(...), units='height', win=Window(...), wrapWidth=1)
10.6357 	EXP 	Created textTest = TextStim(__class__=<class 'psychopy.visual.text.TextStim'>, alignHoriz=method-wrapper(...), alignText='center', alignVert=method-wrapper(...), anchorHoriz='center', anchorVert='center', antialias=True, autoDraw=False, autoLog=True, bold=False, color=array([1., 1., 1.]), colorSpace='rgb', contrast=1.0, depth=0.0, draggable=False, flipHoriz=False, flipVert=False, font='Arial', fontFiles=[], height=0.05, italic=False, languageStyle='LTR', name='textTest', opacity=1, ori=0.0, pos=array([0., 0.]), rgb=UNKNOWN, text='', units='height', win=Window(...), wrapWidth=1)
10.6364 	EXP 	Created textBlank = TextStim(__class__=<class 'psychopy.visual.text.TextStim'>, alignHoriz=method-wrapper(...), alignText='center', alignVert=method-wrapper(...), anchorHoriz='center', anchorVert='center', antialias=True, autoDraw=False, autoLog=True, bold=False, color=array([1., 1., 1.]), colorSpace='rgb', contrast=1.0, depth=0.0, draggable=False, flipHoriz=False, flipVert=False, font='Arial', fontFiles=[], height=np.float64(0.05), italic=False, languageStyle='LTR', name='textBlank', opacity=1, ori=0.0, pos=array([0., 0.]), rgb=UNKNOWN, text='', units='height', win=Window(...), wrapWidth=1)
10.6476 	EXP 	Created textThanks = TextStim(__class__=<class 'psychopy.visual.text.TextStim'>, alignHoriz=method-wrapper(...), alignText='center', alignVert=method-wrapper(...), anchorHoriz='center', anchorVert='center', antialias=True, autoDraw=False, autoLog=True, bold=False, color=array([1., 1., 1.]), colorSpace='rgb', contrast=1.0, depth=0.0, draggable=False, flipHoriz=False, flipVert=False, font='Arial', fontFiles=[], height=np.float64(0.05), italic=False, languageStyle='LTR', name='textThanks', opacity=1, ori=0.0, pos=array([0., 0.]), rgb=UNKNOWN, text=str(...), units='height', win=Window(...), wrapWidth=1)
0.0051 	EXP 	text_welcome: autoDraw = True
3.0107 	INFO 	Keyboard events cleared
3.0106 	EXP 	text_welcome: autoDraw = False
3.0106 	EXP 	text_welcome: autoDraw = False
3.0106 	EXP 	text_instr: autoDraw = True
4.1820 	EXP 	Device response: <KeyPress from None: t=4.14787799998885, value=space, duration=None>
4.1962 	EXP 	Imported drm_words.xlsx as conditions, 10 conditions, 1 params
4.1973 	EXP 	New trial (rep=0, index=0): <Trial 0 (0 in rep 0) data={'testAnger': 'hate', 'thisN': 0, 'thisTrialN': 0, 'thisRepN': 0}>
4.2027 	DATA 	Keypress: space
4.2044 	EXP 	text_instr: autoDraw = False
4.2044 	EXP 	textAnger: height = np.float64(0.05)
4.2044 	EXP 	textAnger: height = np.float64(0.05)
4.2044 	EXP 	textAnger: height = np.float64(0.05)
4.2044 	EXP 	textAnger: text = 'hate'
4.2044 	EXP 	textAnger: autoDraw = True
4.3775 	EXP 	Device response: <KeyPress from None: t=4.14787799998885, value=space, duration=0.22014910000143573>
5.2106 	EXP 	textAnger: autoDraw = False
5.2106 	EXP 	textBlank: autoDraw = True
5.6939 	EXP 	New trial (rep=0, index=1): <Trial 1 (1 in rep 0) data={'testAnger': 'fight', 'thisN': 1, 'thisTrialN': 1, 'thisRepN': 0}>
5.7107 	EXP 	textBlank: autoDraw = False
5.7107 	EXP 	textAnger: height = np.float64(0.05)
5.7107 	EXP 	textAnger: height = np.float64(0.05)
5.7107 	EXP 	textAnger: height = np.float64(0.05)
5.7107 	EXP 	textAnger: text = 'fight'
5.7107 	EXP 	textAnger: autoDraw = True
6.7107 	EXP 	textAnger: autoDraw = False
6.7107 	EXP 	textBlank: autoDraw = True
7.1942 	EXP 	New trial (rep=0, index=2): <Trial 2 (2 in rep 0) data={'testAnger': 'wrath', 'thisN': 2, 'thisTrialN': 2, 'thisRepN': 0}>
7.2107 	EXP 	textBlank: autoDraw = False
7.2107 	EXP 	textAnger: height = np.float64(0.05)
7.2107 	EXP 	textAnger: height = np.float64(0.05)
7.2107 	EXP 	textAnger: height = np.float64(0.05)
7.2107 	EXP 	textAnger: text = 'wrath'
7.2107 	EXP 	textAnger: autoDraw = True
8.2107 	EXP 	textAnger: autoDraw = False
8.2107 	EXP 	textBlank: autoDraw = True
8.6945 	EXP 	New trial (rep=0, index=3): <Trial 3 (3 in rep 0) data={'testAnger': 'rage', 'thisN': 3, 'thisTrialN': 3, 'thisRepN': 0}>
8.7106 	EXP 	textBlank: autoDraw = False
8.7106 	EXP 	textAnger: height = np.float64(0.05)
8.7106 	EXP 	textAnger: height = np.float64(0.05)
8.7106 	EXP 	textAnger: height = np.float64(0.05)
8.7106 	EXP 	textAnger: text = 'rage'
8.7106 	EXP 	textAnger: autoDraw = True
9.7114 	EXP 	textAnger: autoDraw = False
9.7114 	EXP 	textBlank: autoDraw = True
10.1943 	EXP 	New trial (rep=0, index=4): <Trial 4 (4 in rep 0) data={'testAnger': 'mean', 'thisN': 4, 'thisTrialN': 4, 'thisRepN': 0}>
10.2107 	EXP 	textBlank: autoDraw = False
10.2107 	EXP 	textAnger: height = np.float64(0.05)
10.2107 	EXP 	textAnger: height = np.float64(0.05)
10.2107 	EXP 	textAnger: height = np.float64(0.05)
10.2107 	EXP 	textAnger: text = 'mean'
10.2107 	EXP 	textAnger: autoDraw = True
11.2106 	EXP 	textAnger: autoDraw = False
11.2106 	EXP 	textBlank: autoDraw = True
11.6950 	EXP 	New trial (rep=0, index=5): <Trial 5 (5 in rep 0) data={'testAnger': 'fear', 'thisN': 5, 'thisTrialN': 5, 'thisRepN': 0}>
11.7103 	EXP 	textBlank: autoDraw = False
11.7103 	EXP 	textAnger: height = np.float64(0.05)
11.7103 	EXP 	textAnger: height = np.float64(0.05)
11.7103 	EXP 	textAnger: height = np.float64(0.05)
11.7103 	EXP 	textAnger: text = 'fear'
11.7103 	EXP 	textAnger: autoDraw = True
12.7104 	EXP 	textAnger: autoDraw = False
12.7104 	EXP 	textBlank: autoDraw = True
13.1953 	EXP 	New trial (rep=0, index=6): <Trial 6 (6 in rep 0) data={'testAnger': 'mad', 'thisN': 6, 'thisTrialN': 6, 'thisRepN': 0}>
13.2112 	EXP 	textBlank: autoDraw = False
13.2112 	EXP 	textAnger: height = np.float64(0.05)
13.2112 	EXP 	textAnger: height = np.float64(0.05)
13.2112 	EXP 	textAnger: height = np.float64(0.05)
13.2112 	EXP 	textAnger: text = 'mad'
13.2112 	EXP 	textAnger: autoDraw = True
14.2107 	EXP 	textAnger: autoDraw = False
14.2107 	EXP 	textBlank: autoDraw = True
14.6949 	EXP 	New trial (rep=0, index=7): <Trial 7 (7 in rep 0) data={'testAnger': 'emotion', 'thisN': 7, 'thisTrialN': 7, 'thisRepN': 0}>
14.7106 	EXP 	textBlank: autoDraw = False
14.7106 	EXP 	textAnger: height = np.float64(0.05)
14.7106 	EXP 	textAnger: height = np.float64(0.05)
14.7106 	EXP 	textAnger: height = np.float64(0.05)
14.7106 	EXP 	textAnger: text = 'emotion'
14.7106 	EXP 	textAnger: autoDraw = True
15.7101 	EXP 	textAnger: autoDraw = False
15.7101 	EXP 	textBlank: autoDraw = True
16.1941 	EXP 	New trial (rep=0, index=8): <Trial 8 (8 in rep 0) data={'testAnger': 'fury', 'thisN': 8, 'thisTrialN': 8, 'thisRepN': 0}>
16.2103 	EXP 	textBlank: autoDraw = False
16.2103 	EXP 	textAnger: height = np.float64(0.05)
16.2103 	EXP 	textAnger: height = np.float64(0.05)
16.2103 	EXP 	textAnger: height = np.float64(0.05)
16.2103 	EXP 	textAnger: text = 'fury'
16.2103 	EXP 	textAnger: autoDraw = True
17.2107 	EXP 	textAnger: autoDraw = False
17.2107 	EXP 	textBlank: autoDraw = True
17.6942 	EXP 	New trial (rep=0, index=9): <Trial 9 (9 in rep 0) data={'testAnger': 'temper', 'thisN': 9, 'thisTrialN': 9, 'thisRepN': 0}>
17.7104 	EXP 	textBlank: autoDraw = False
17.7104 	EXP 	textAnger: height = np.float64(0.05)
17.7104 	EXP 	textAnger: height = np.float64(0.05)
17.7104 	EXP 	textAnger: height = np.float64(0.05)
17.7104 	EXP 	textAnger: text = 'temper'
17.7104 	EXP 	textAnger: autoDraw = True
18.7119 	EXP 	textAnger: autoDraw = False
18.7119 	EXP 	textBlank: autoDraw = True
19.2211 	EXP 	Imported lureCold.xlsx as conditions, 10 conditions, 1 params
19.2216 	EXP 	New trial (rep=0, index=0): <Trial 0 (0 in rep 0) data={'lureCold': 'weather', 'thisN': 0, 'thisTrialN': 0, 'thisRepN': 0}>
19.2292 	EXP 	textBlank: autoDraw = False
19.2292 	EXP 	textCold: height = np.float64(0.05)
19.2292 	EXP 	textCold: height = np.float64(0.05)
19.2292 	EXP 	textCold: height = np.float64(0.05)
19.2292 	EXP 	textCold: text = 'weather'
19.2292 	EXP 	textCold: autoDraw = True
20.2101 	EXP 	textCold: autoDraw = False
20.2101 	EXP 	textBlank: autoDraw = True
20.6949 	EXP 	New trial (rep=0, index=1): <Trial 1 (1 in rep 0) data={'lureCold': 'freeze', 'thisN': 1, 'thisTrialN': 1, 'thisRepN': 0}>
20.7104 	EXP 	textBlank: autoDraw = False
20.7104 	EXP 	textCold: height = np.float64(0.05)
20.7104 	EXP 	textCold: height = np.float64(0.05)
20.7104 	EXP 	textCold: height = np.float64(0.05)
20.7104 	EXP 	textCold: text = 'freeze'
20.7104 	EXP 	textCold: autoDraw = True
21.7103 	EXP 	textCold: autoDraw = False
21.7103 	EXP 	textBlank: autoDraw = True
22.1939 	EXP 	New trial (rep=0, index=2): <Trial 2 (2 in rep 0) data={'lureCold': 'ice', 'thisN': 2, 'thisTrialN': 2, 'thisRepN': 0}>
22.2102 	EXP 	textBlank: autoDraw = False
22.2102 	EXP 	textCold: height = np.float64(0.05)
22.2102 	EXP 	textCold: height = np.float64(0.05)
22.2102 	EXP 	textCold: height = np.float64(0.05)
22.2102 	EXP 	textCold: text = 'ice'
22.2102 	EXP 	textCold: autoDraw = True
23.2106 	EXP 	textCold: autoDraw = False
23.2106 	EXP 	textBlank: autoDraw = True
23.6942 	EXP 	New trial (rep=0, index=3): <Trial 3 (3 in rep 0) data={'lureCold': 'air', 'thisN': 3, 'thisTrialN': 3, 'thisRepN': 0}>
23.7106 	EXP 	textBlank: autoDraw = False
23.7106 	EXP 	textCold: height = np.float64(0.05)
23.7106 	EXP 	textCold: height = np.float64(0.05)
23.7106 	EXP 	textCold: height = np.float64(0.05)
23.7106 	EXP 	textCold: text = 'air'
23.7106 	EXP 	textCold: autoDraw = True
24.7108 	EXP 	textCold: autoDraw = False
24.7108 	EXP 	textBlank: autoDraw = True
25.1942 	EXP 	New trial (rep=0, index=4): <Trial 4 (4 in rep 0) data={'lureCold': 'wet', 'thisN': 4, 'thisTrialN': 4, 'thisRepN': 0}>
25.2104 	EXP 	textBlank: autoDraw = False
25.2104 	EXP 	textCold: height = np.float64(0.05)
25.2104 	EXP 	textCold: height = np.float64(0.05)
25.2104 	EXP 	textCold: height = np.float64(0.05)
25.2104 	EXP 	textCold: text = 'wet'
25.2104 	EXP 	textCold: autoDraw = True
26.2105 	EXP 	textCold: autoDraw = False
26.2105 	EXP 	textBlank: autoDraw = True
26.6939 	EXP 	New trial (rep=0, index=5): <Trial 5 (5 in rep 0) data={'lureCold': 'chilly', 'thisN': 5, 'thisTrialN': 5, 'thisRepN': 0}>
26.7104 	EXP 	textBlank: autoDraw = False
26.7104 	EXP 	textCold: height = np.float64(0.05)
26.7104 	EXP 	textCold: height = np.float64(0.05)
26.7104 	EXP 	textCold: height = np.float64(0.05)
26.7104 	EXP 	textCold: text = 'chilly'
26.7104 	EXP 	textCold: autoDraw = True
27.7104 	EXP 	textCold: autoDraw = False
27.7104 	EXP 	textBlank: autoDraw = True
28.1941 	EXP 	New trial (rep=0, index=6): <Trial 6 (6 in rep 0) data={'lureCold': 'hot', 'thisN': 6, 'thisTrialN': 6, 'thisRepN': 0}>
28.2103 	EXP 	textBlank: autoDraw = False
28.2103 	EXP 	textCold: height = np.float64(0.05)
28.2103 	EXP 	textCold: height = np.float64(0.05)
28.2103 	EXP 	textCold: height = np.float64(0.05)
28.2103 	EXP 	textCold: text = 'hot'
28.2103 	EXP 	textCold: autoDraw = True
29.2107 	EXP 	textCold: autoDraw = False
29.2107 	EXP 	textBlank: autoDraw = True
29.6943 	EXP 	New trial (rep=0, index=7): <Trial 7 (7 in rep 0) data={'lureCold': 'snow', 'thisN': 7, 'thisTrialN': 7, 'thisRepN': 0}>
29.7156 	EXP 	textBlank: autoDraw = False
29.7156 	EXP 	textCold: height = np.float64(0.05)
29.7156 	EXP 	textCold: height = np.float64(0.05)
29.7156 	EXP 	textCold: height = np.float64(0.05)
29.7156 	EXP 	textCold: text = 'snow'
29.7156 	EXP 	textCold: autoDraw = True
30.7105 	EXP 	textCold: autoDraw = False
30.7105 	EXP 	textBlank: autoDraw = True
31.1945 	EXP 	New trial (rep=0, index=8): <Trial 8 (8 in rep 0) data={'lureCold': 'shiver', 'thisN': 8, 'thisTrialN': 8, 'thisRepN': 0}>
31.2103 	EXP 	textBlank: autoDraw = False
31.2103 	EXP 	textCold: height = np.float64(0.05)
31.2103 	EXP 	textCold: height = np.float64(0.05)
31.2103 	EXP 	textCold: height = np.float64(0.05)
31.2103 	EXP 	textCold: text = 'shiver'
31.2103 	EXP 	textCold: autoDraw = True
32.2100 	EXP 	textCold: autoDraw = False
32.2100 	EXP 	textBlank: autoDraw = True
32.6943 	EXP 	New trial (rep=0, index=9): <Trial 9 (9 in rep 0) data={'lureCold': 'winter', 'thisN': 9, 'thisTrialN': 9, 'thisRepN': 0}>
32.7104 	EXP 	textBlank: autoDraw = False
32.7104 	EXP 	textCold: height = np.float64(0.05)
32.7104 	EXP 	textCold: height = np.float64(0.05)
32.7104 	EXP 	textCold: height = np.float64(0.05)
32.7104 	EXP 	textCold: text = 'winter'
32.7104 	EXP 	textCold: autoDraw = True
33.7098 	EXP 	textCold: autoDraw = False
33.7098 	EXP 	textBlank: autoDraw = True
34.2935 	EXP 	Imported lureSleep.xlsx as conditions, 10 conditions, 1 params
34.2938 	EXP 	New trial (rep=0, index=0): <Trial 0 (0 in rep 0) data={'lureSleep': 'nap', 'thisN': 0, 'thisTrialN': 0, 'thisRepN': 0}>
34.2984 	EXP 	textBlank: autoDraw = False
34.2984 	EXP 	textSleep: height = np.float64(0.05)
34.2984 	EXP 	textSleep: height = np.float64(0.05)
34.2984 	EXP 	textSleep: height = np.float64(0.05)
34.2984 	EXP 	textSleep: text = 'nap'
34.2984 	EXP 	textSleep: autoDraw = True
35.2102 	EXP 	textSleep: autoDraw = False
35.2102 	EXP 	textBlank: autoDraw = True
35.6939 	EXP 	New trial (rep=0, index=1): <Trial 1 (1 in rep 0) data={'lureSleep': 'blanket', 'thisN': 1, 'thisTrialN': 1, 'thisRepN': 0}>
35.7105 	EXP 	textBlank: autoDraw = False
35.7105 	EXP 	textSleep: height = np.float64(0.05)
35.7105 	EXP 	textSleep: height = np.float64(0.05)
35.7105 	EXP 	textSleep: height = np.float64(0.05)
35.7105 	EXP 	textSleep: text = 'blanket'
35.7105 	EXP 	textSleep: autoDraw = True
36.7100 	EXP 	textSleep: autoDraw = False
36.7100 	EXP 	textBlank: autoDraw = True
37.1936 	EXP 	New trial (rep=0, index=2): <Trial 2 (2 in rep 0) data={'lureSleep': 'slumber', 'thisN': 2, 'thisTrialN': 2, 'thisRepN': 0}>
37.2103 	EXP 	textBlank: autoDraw = False
37.2103 	EXP 	textSleep: height = np.float64(0.05)
37.2103 	EXP 	textSleep: height = np.float64(0.05)
37.2103 	EXP 	textSleep: height = np.float64(0.05)
37.2103 	EXP 	textSleep: text = 'slumber'
37.2103 	EXP 	textSleep: autoDraw = True
38.2105 	EXP 	textSleep: autoDraw = False
38.2105 	EXP 	textBlank: autoDraw = True
38.6941 	EXP 	New trial (rep=0, index=3): <Trial 3 (3 in rep 0) data={'lureSleep': 'dream', 'thisN': 3, 'thisTrialN': 3, 'thisRepN': 0}>
38.7099 	EXP 	textBlank: autoDraw = False
38.7099 	EXP 	textSleep: height = np.float64(0.05)
38.7099 	EXP 	textSleep: height = np.float64(0.05)
38.7099 	EXP 	textSleep: height = np.float64(0.05)
38.7099 	EXP 	textSleep: text = 'dream'
38.7099 	EXP 	textSleep: autoDraw = True
39.7102 	EXP 	textSleep: autoDraw = False
39.7102 	EXP 	textBlank: autoDraw = True
40.1941 	EXP 	New trial (rep=0, index=4): <Trial 4 (4 in rep 0) data={'lureSleep': 'yawn', 'thisN': 4, 'thisTrialN': 4, 'thisRepN': 0}>
40.2103 	EXP 	textBlank: autoDraw = False
40.2103 	EXP 	textSleep: height = np.float64(0.05)
40.2103 	EXP 	textSleep: height = np.float64(0.05)
40.2103 	EXP 	textSleep: height = np.float64(0.05)
40.2103 	EXP 	textSleep: text = 'yawn'
40.2103 	EXP 	textSleep: autoDraw = True
41.2101 	EXP 	textSleep: autoDraw = False
41.2101 	EXP 	textBlank: autoDraw = True
41.6936 	EXP 	New trial (rep=0, index=5): <Trial 5 (5 in rep 0) data={'lureSleep': 'tired', 'thisN': 5, 'thisTrialN': 5, 'thisRepN': 0}>
41.7100 	EXP 	textBlank: autoDraw = False
41.7100 	EXP 	textSleep: height = np.float64(0.05)
41.7100 	EXP 	textSleep: height = np.float64(0.05)
41.7100 	EXP 	textSleep: height = np.float64(0.05)
41.7100 	EXP 	textSleep: text = 'tired'
41.7100 	EXP 	textSleep: autoDraw = True
42.7116 	EXP 	textSleep: autoDraw = False
42.7116 	EXP 	textBlank: autoDraw = True
43.1937 	EXP 	New trial (rep=0, index=6): <Trial 6 (6 in rep 0) data={'lureSleep': 'awake', 'thisN': 6, 'thisTrialN': 6, 'thisRepN': 0}>
43.2101 	EXP 	textBlank: autoDraw = False
43.2101 	EXP 	textSleep: height = np.float64(0.05)
43.2101 	EXP 	textSleep: height = np.float64(0.05)
43.2101 	EXP 	textSleep: height = np.float64(0.05)
43.2101 	EXP 	textSleep: text = 'awake'
43.2101 	EXP 	textSleep: autoDraw = True
44.2098 	EXP 	textSleep: autoDraw = False
44.2098 	EXP 	textBlank: autoDraw = True
44.6937 	EXP 	New trial (rep=0, index=7): <Trial 7 (7 in rep 0) data={'lureSleep': 'rest', 'thisN': 7, 'thisTrialN': 7, 'thisRepN': 0}>
44.7103 	EXP 	textBlank: autoDraw = False
44.7103 	EXP 	textSleep: height = np.float64(0.05)
44.7103 	EXP 	textSleep: height = np.float64(0.05)
44.7103 	EXP 	textSleep: height = np.float64(0.05)
44.7103 	EXP 	textSleep: text = 'rest'
44.7103 	EXP 	textSleep: autoDraw = True
45.7101 	EXP 	textSleep: autoDraw = False
45.7101 	EXP 	textBlank: autoDraw = True
46.1939 	EXP 	New trial (rep=0, index=8): <Trial 8 (8 in rep 0) data={'lureSleep': 'bed', 'thisN': 8, 'thisTrialN': 8, 'thisRepN': 0}>
46.2101 	EXP 	textBlank: autoDraw = False
46.2101 	EXP 	textSleep: height = np.float64(0.05)
46.2101 	EXP 	textSleep: height = np.float64(0.05)
46.2101 	EXP 	textSleep: height = np.float64(0.05)
46.2101 	EXP 	textSleep: text = 'bed'
46.2101 	EXP 	textSleep: autoDraw = True
47.2101 	EXP 	textSleep: autoDraw = False
47.2101 	EXP 	textBlank: autoDraw = True
47.6944 	EXP 	New trial (rep=0, index=9): <Trial 9 (9 in rep 0) data={'lureSleep': 'snore', 'thisN': 9, 'thisTrialN': 9, 'thisRepN': 0}>
47.7103 	EXP 	textBlank: autoDraw = False
47.7103 	EXP 	textSleep: height = np.float64(0.05)
47.7103 	EXP 	textSleep: height = np.float64(0.05)
47.7103 	EXP 	textSleep: height = np.float64(0.05)
47.7103 	EXP 	textSleep: text = 'snore'
47.7103 	EXP 	textSleep: autoDraw = True
48.7103 	EXP 	textSleep: autoDraw = False
48.7103 	EXP 	textBlank: autoDraw = True
49.2103 	INFO 	Keyboard events cleared
49.2102 	EXP 	textBlank: autoDraw = False
49.2102 	EXP 	text_instr2: autoDraw = True
51.5270 	EXP 	Device response: <KeyPress from None: t=51.52515379997203, value=space, duration=None>
51.5301 	DATA 	Keypress: space
51.5439 	INFO 	Keyboard events cleared
51.5437 	EXP 	text_instr2: autoDraw = False
51.5437 	EXP 	textMath: autoDraw = True
51.7615 	EXP 	Device response: <KeyPress from None: t=51.52515379997203, value=space, duration=0.2267670999863185>
52.6432 	EXP 	Device response: <KeyPress from None: t=52.63869989995146, value=3, duration=None>
52.6467 	DATA 	Keypress: 3
52.6598 	INFO 	Keyboard events cleared
52.6597 	EXP 	textMath: autoDraw = False
52.6597 	EXP 	text_instr3: autoDraw = True
52.8434 	EXP 	Device response: <KeyPress from None: t=52.63869989995146, value=3, duration=0.20108389999950305>
56.7278 	EXP 	Device response: <KeyPress from None: t=56.72289889998501, value=space, duration=None>
56.7536 	EXP 	Imported test_file.xlsx as conditions, 10 conditions, 2 params
56.7542 	EXP 	New trial (rep=0, index=0): <Trial 0 (0 in rep 0) data={'final_test': 'anger', 'corrAns': 'n', 'thisN': 0, 'thisTrialN': 0, 'thisRepN': 0}>
56.7602 	DATA 	Keypress: space
56.7621 	INFO 	Keyboard events cleared
56.7619 	EXP 	text_instr3: autoDraw = False
56.7619 	EXP 	textTest: height = np.float64(0.05)
56.7619 	EXP 	textTest: height = np.float64(0.05)
56.7619 	EXP 	textTest: height = np.float64(0.05)
56.7619 	EXP 	textTest: text = 'anger'
56.7619 	EXP 	textTest: autoDraw = True
56.8936 	EXP 	Device response: <KeyPress from None: t=56.72289889998501, value=space, duration=0.15669019997585565>
59.1941 	EXP 	Device response: <KeyPress from None: t=59.193668899999466, value=y, duration=None>
59.1954 	DATA 	Keypress: y
59.2103 	EXP 	textTest: autoDraw = False
59.2103 	EXP 	textBlank: autoDraw = True
59.3435 	EXP 	Device response: <KeyPress from None: t=59.193668899999466, value=y, duration=0.14817619998939335>
59.6941 	EXP 	New trial (rep=0, index=1): <Trial 1 (1 in rep 0) data={'final_test': 'bed', 'corrAns': 'y', 'thisN': 1, 'thisTrialN': 1, 'thisRepN': 0}>
59.7104 	INFO 	Keyboard events cleared
59.7102 	EXP 	textBlank: autoDraw = False
59.7102 	EXP 	textBlank: autoDraw = False
59.7102 	EXP 	textTest: height = np.float64(0.05)
59.7102 	EXP 	textTest: height = np.float64(0.05)
59.7102 	EXP 	textTest: height = np.float64(0.05)
59.7102 	EXP 	textTest: text = 'bed'
59.7102 	EXP 	textTest: autoDraw = True
62.5105 	EXP 	Device response: <KeyPress from None: t=62.501317199959885, value=y, duration=None>
62.5121 	DATA 	Keypress: y
62.5265 	EXP 	textTest: autoDraw = False
62.5265 	EXP 	textBlank: autoDraw = True
62.7439 	EXP 	Device response: <KeyPress from None: t=62.501317199959885, value=y, duration=0.23504649999085814>
63.0110 	EXP 	New trial (rep=0, index=2): <Trial 2 (2 in rep 0) data={'final_test': 'snow', 'corrAns': 'y', 'thisN': 2, 'thisTrialN': 2, 'thisRepN': 0}>
63.0269 	INFO 	Keyboard events cleared
63.0267 	EXP 	textBlank: autoDraw = False
63.0267 	EXP 	textBlank: autoDraw = False
63.0267 	EXP 	textTest: height = np.float64(0.05)
63.0267 	EXP 	textTest: height = np.float64(0.05)
63.0267 	EXP 	textTest: height = np.float64(0.05)
63.0267 	EXP 	textTest: text = 'snow'
63.0267 	EXP 	textTest: autoDraw = True
64.0606 	EXP 	Device response: <KeyPress from None: t=64.05891389999306, value=y, duration=None>
64.0627 	DATA 	Keypress: y
64.0766 	EXP 	textTest: autoDraw = False
64.0766 	EXP 	textBlank: autoDraw = True
64.2607 	EXP 	Device response: <KeyPress from None: t=64.05891389999306, value=y, duration=0.19149800000013784>
64.5602 	EXP 	New trial (rep=0, index=3): <Trial 3 (3 in rep 0) data={'final_test': 'dream', 'corrAns': 'y', 'thisN': 3, 'thisTrialN': 3, 'thisRepN': 0}>
64.5767 	INFO 	Keyboard events cleared
64.5766 	EXP 	textBlank: autoDraw = False
64.5766 	EXP 	textBlank: autoDraw = False
64.5766 	EXP 	textTest: height = np.float64(0.05)
64.5766 	EXP 	textTest: height = np.float64(0.05)
64.5766 	EXP 	textTest: height = np.float64(0.05)
64.5766 	EXP 	textTest: text = 'dream'
64.5766 	EXP 	textTest: autoDraw = True
65.6451 	DATA 	Keypress: y
65.6602 	EXP 	Device response: <KeyPress from None: t=65.6441159999813, value=y, duration=None>
65.6766 	EXP 	textTest: autoDraw = False
65.6766 	EXP 	textBlank: autoDraw = True
65.9097 	EXP 	Device response: <KeyPress from None: t=65.6441159999813, value=y, duration=0.2576734999893233>
66.1605 	EXP 	New trial (rep=0, index=4): <Trial 4 (4 in rep 0) data={'final_test': 'ocean', 'corrAns': 'n', 'thisN': 4, 'thisTrialN': 4, 'thisRepN': 0}>
66.1768 	INFO 	Keyboard events cleared
66.1766 	EXP 	textBlank: autoDraw = False
66.1766 	EXP 	textBlank: autoDraw = False
66.1766 	EXP 	textTest: height = np.float64(0.05)
66.1766 	EXP 	textTest: height = np.float64(0.05)
66.1766 	EXP 	textTest: height = np.float64(0.05)
66.1766 	EXP 	textTest: text = 'ocean'
66.1766 	EXP 	textTest: autoDraw = True
66.7934 	EXP 	Device response: <KeyPress from None: t=66.79127559997141, value=n, duration=None>
66.7946 	DATA 	Keypress: n
66.8096 	EXP 	textTest: autoDraw = False
66.8096 	EXP 	textBlank: autoDraw = True
67.0106 	EXP 	Device response: <KeyPress from None: t=66.79127559997141, value=n, duration=0.20533339999383315>
67.2941 	EXP 	New trial (rep=0, index=5): <Trial 5 (5 in rep 0) data={'final_test': 'sleep', 'corrAns': 'n', 'thisN': 5, 'thisTrialN': 5, 'thisRepN': 0}>
67.3099 	INFO 	Keyboard events cleared
67.3097 	EXP 	textBlank: autoDraw = False
67.3097 	EXP 	textBlank: autoDraw = False
67.3097 	EXP 	textTest: height = np.float64(0.05)
67.3097 	EXP 	textTest: height = np.float64(0.05)
67.3097 	EXP 	textTest: height = np.float64(0.05)
67.3097 	EXP 	textTest: text = 'sleep'
67.3097 	EXP 	textTest: autoDraw = True
68.1769 	EXP 	Device response: <KeyPress from None: t=68.17308379994938, value=y, duration=None>
68.1778 	DATA 	Keypress: y
68.1933 	EXP 	textTest: autoDraw = False
68.1933 	EXP 	textBlank: autoDraw = True
68.3767 	EXP 	Device response: <KeyPress from None: t=68.17308379994938, value=y, duration=0.19799000001512468>
68.6769 	EXP 	New trial (rep=0, index=6): <Trial 6 (6 in rep 0) data={'final_test': 'mad', 'corrAns': 'y', 'thisN': 6, 'thisTrialN': 6, 'thisRepN': 0}>
68.6932 	INFO 	Keyboard events cleared
68.6930 	EXP 	textBlank: autoDraw = False
68.6930 	EXP 	textBlank: autoDraw = False
68.6930 	EXP 	textTest: height = np.float64(0.05)
68.6930 	EXP 	textTest: height = np.float64(0.05)
68.6930 	EXP 	textTest: height = np.float64(0.05)
68.6930 	EXP 	textTest: text = 'mad'
68.6930 	EXP 	textTest: autoDraw = True
69.5938 	EXP 	Device response: <KeyPress from None: t=69.59315109997988, value=y, duration=None>
69.5948 	DATA 	Keypress: y
69.6097 	EXP 	textTest: autoDraw = False
69.6097 	EXP 	textBlank: autoDraw = True
69.8097 	EXP 	Device response: <KeyPress from None: t=69.59315109997988, value=y, duration=0.21044549997895956>
70.0938 	EXP 	New trial (rep=0, index=7): <Trial 7 (7 in rep 0) data={'final_test': 'apple', 'corrAns': 'n', 'thisN': 7, 'thisTrialN': 7, 'thisRepN': 0}>
70.1097 	INFO 	Keyboard events cleared
70.1095 	EXP 	textBlank: autoDraw = False
70.1095 	EXP 	textBlank: autoDraw = False
70.1095 	EXP 	textTest: height = np.float64(0.05)
70.1095 	EXP 	textTest: height = np.float64(0.05)
70.1095 	EXP 	textTest: height = np.float64(0.05)
70.1095 	EXP 	textTest: text = 'apple'
70.1095 	EXP 	textTest: autoDraw = True
70.9099 	EXP 	Device response: <KeyPress from None: t=70.90646169998217, value=n, duration=None>
70.9111 	DATA 	Keypress: n
70.9260 	EXP 	textTest: autoDraw = False
70.9260 	EXP 	textBlank: autoDraw = True
71.1097 	EXP 	Device response: <KeyPress from None: t=70.90646169998217, value=n, duration=0.18889549997402355>
71.4101 	EXP 	New trial (rep=0, index=8): <Trial 8 (8 in rep 0) data={'final_test': 'cold', 'corrAns': 'n', 'thisN': 8, 'thisTrialN': 8, 'thisRepN': 0}>
71.4262 	INFO 	Keyboard events cleared
71.4261 	EXP 	textBlank: autoDraw = False
71.4261 	EXP 	textBlank: autoDraw = False
71.4261 	EXP 	textTest: height = np.float64(0.05)
71.4261 	EXP 	textTest: height = np.float64(0.05)
71.4261 	EXP 	textTest: height = np.float64(0.05)
71.4261 	EXP 	textTest: text = 'cold'
71.4261 	EXP 	textTest: autoDraw = True
72.2432 	EXP 	Device response: <KeyPress from None: t=72.23826159996679, value=y, duration=None>
72.2443 	DATA 	Keypress: y
72.2593 	EXP 	textTest: autoDraw = False
72.2593 	EXP 	textBlank: autoDraw = True
72.4431 	EXP 	Device response: <KeyPress from None: t=72.23826159996679, value=y, duration=0.20115169999189675>
72.7452 	EXP 	New trial (rep=0, index=9): <Trial 9 (9 in rep 0) data={'final_test': 'guitar', 'corrAns': 'n', 'thisN': 9, 'thisTrialN': 9, 'thisRepN': 0}>
72.7625 	INFO 	Keyboard events cleared
72.7623 	EXP 	textBlank: autoDraw = False
72.7623 	EXP 	textTest: height = np.float64(0.05)
72.7623 	EXP 	textTest: height = np.float64(0.05)
72.7623 	EXP 	textTest: height = np.float64(0.05)
72.7623 	EXP 	textTest: text = 'guitar'
72.7623 	EXP 	textTest: autoDraw = True
73.4776 	EXP 	Device response: <KeyPress from None: t=73.46578149998095, value=n, duration=None>
73.4789 	DATA 	Keypress: n
73.4931 	EXP 	textTest: autoDraw = False
73.4931 	EXP 	textBlank: autoDraw = True
73.6597 	EXP 	Device response: <KeyPress from None: t=73.46578149998095, value=n, duration=0.18498359998920932>
73.9933 	INFO 	Keyboard events cleared
73.9931 	EXP 	textBlank: autoDraw = False
73.9931 	EXP 	textBlank: autoDraw = False
73.9931 	EXP 	textThanks: autoDraw = True
77.1938 	EXP 	Device response: <KeyPress from None: t=77.19035099999746, value=space, duration=None>
77.1954 	DATA 	Keypress: space
77.2096 	EXP 	textThanks: autoDraw = False
77.2099 	EXP 	solo_project_drm: status = STOPPED
77.2273 	INFO 	saved data to 'C:\\Users\\Dell\\OneDrive\\Desktop\\PSY310\\SOLO PROJECT\\data\\7_solo_project_drm_2025-11-20_09h37.06.158.csv'
77.2303 	INFO 	saved data to C:\Users\Dell\OneDrive\Desktop\PSY310\SOLO PROJECT\data\7_solo_project_drm_2025-11-20_09h37.06.158.psydat
77.6205 	WARNING 	Stopping key buffers but this could be dangerous ifother keyboards rely on the same.
77.6846 	WARNING 	Stopping key buffers but this could be dangerous ifother keyboards rely on the same.
77.6846 	WARNING 	Stopping key buffers but this could be dangerous ifother keyboards rely on the same.
77.6847 	WARNING 	Stopping key buffers but this could be dangerous ifother keyboards rely on the same.
77.6847 	WARNING 	Stopping key buffers but this could be dangerous ifother keyboards rely on the same.
77.6847 	WARNING 	Stopping key buffers but this could be dangerous ifother keyboards rely on the same.
77.6847 	WARNING 	Stopping key buffers but this could be dangerous ifother keyboards rely on the same.
