6.5999 	INFO 	Loaded monitor calibration from ['2025_08_21 09:54']
6.6098 	WARNING 	User requested fullscreen with size [1024  768], but screen is actually [1920, 1200]. Using actual size
6.9789 	INFO 	Using renderer 'Intel(R) UHD Graphics' for graphics
6.9790 	INFO 	OpenGL version supported by driver is 4..
7.0369 	EXP 	Created window1 = Window(allowGUI=False, allowStencil=False, autoLog=True, backendConf=UNKNOWN, backgroundFit=<method-wrapper '__getattribute__' of attributeSetter object at 0x0000022AC4AA5B70>, backgroundImage=<method-wrapper '__getattribute__' of attributeSetter object at 0x0000022AC4AA5B10>, bitsMode=UNKNOWN, blendMode='avg', bpc=(8, 8, 8), color=array([0, 0, 0]), colorSpace='rgb', depthBits=8, fullscr=True, gamma=None, gammaErrorPolicy='raise', infoMsg=UNKNOWN, lms=UNKNOWN, monitor=<psychopy.monitors.calibTools.Monitor object at 0x0000022AC4B573D0>, multiSample=False, name='window1', numSamples=2, pos=[np.float64(0.0), np.float64(0.0)], screen=0, size=array([1920, 1200]), stencilBits=0, stereo=False, title='PsychoPy', units='height', useFBO=True, useRetina=False, viewOri=0.0, viewPos=None, viewScale=None, waitBlanking=True, winType='pyglet')
7.0371 	EXP 	window1: backgroundImage = ''
7.0371 	EXP 	window1: backgroundFit = 'none'
7.5431 	EXP 	window1: Attempting to measure frame rate of screen (0) ...
7.5432 	EXP 	window1: recordFrameIntervals = False
7.6910 	EXP 	window1: recordFrameIntervals = True
7.8748 	EXP 	Screen (0) actual frame rate measured at 59.94Hz
7.8748 	EXP 	window1: recordFrameIntervals = False
8.0664 	INFO 	keyboard.Keyboard is using ptb backend.
8.0667 	INFO 	keyboard.Keyboard is using ptb backend.
8.0668 	INFO 	keyboard.Keyboard is using ptb backend.
8.0669 	INFO 	keyboard.Keyboard is using ptb backend.
8.0670 	INFO 	keyboard.Keyboard is using ptb backend.
8.0671 	INFO 	keyboard.Keyboard is using ptb backend.
8.0671 	INFO 	keyboard.Keyboard is using ptb backend.
8.0672 	EXP 	solo_project_drm: status = STARTED
8.1629 	EXP 	Created text_welcome = TextStim(__class__=<class 'psychopy.visual.text.TextStim'>, alignHoriz=method-wrapper(...), alignText='center', alignVert=method-wrapper(...), anchorHoriz='center', anchorVert='center', antialias=True, autoDraw=False, autoLog=True, bold=False, color=array([1., 1., 1.]), colorSpace='rgb', contrast=1.0, depth=0.0, draggable=False, flipHoriz=False, flipVert=False, font='Arial', fontFiles=[], height=np.float64(0.05), italic=False, languageStyle='LTR', name='text_welcome', opacity=1, ori=0.0, pos=array([0., 0.]), rgb=UNKNOWN, text='Welcome to my experiment.', units='height', win=Window(...), wrapWidth=1)
8.1811 	EXP 	Created text_instr = TextStim(__class__=<class 'psychopy.visual.text.TextStim'>, alignHoriz=method-wrapper(...), alignText='center', alignVert=method-wrapper(...), anchorHoriz='center', anchorVert='center', antialias=True, autoDraw=False, autoLog=True, bold=False, color=array([1., 1., 1.]), colorSpace='rgb', contrast=1.0, depth=0.0, draggable=False, flipHoriz=False, flipVert=False, font='Arial', fontFiles=[], height=np.float64(0.05), italic=False, languageStyle='LTR', name='text_instr', opacity=1, ori=0.0, pos=array([0., 0.]), rgb=UNKNOWN, text=str(...), units='height', win=Window(...), wrapWidth=1)
8.1818 	EXP 	Created textAnger = TextStim(__class__=<class 'psychopy.visual.text.TextStim'>, alignHoriz=method-wrapper(...), alignText='center', alignVert=method-wrapper(...), anchorHoriz='center', anchorVert='center', antialias=True, autoDraw=False, autoLog=True, bold=False, color=array([1., 1., 1.]), colorSpace='rgb', contrast=1.0, depth=0.0, draggable=False, flipHoriz=False, flipVert=False, font='Arial', fontFiles=[], height=0.05, italic=False, languageStyle='LTR', name='textAnger', opacity=1, ori=0.0, pos=array([0., 0.]), rgb=UNKNOWN, text='', units='height', win=Window(...), wrapWidth=1)
8.1826 	EXP 	Created textBlank = TextStim(__class__=<class 'psychopy.visual.text.TextStim'>, alignHoriz=method-wrapper(...), alignText='center', alignVert=method-wrapper(...), anchorHoriz='center', anchorVert='center', antialias=True, autoDraw=False, autoLog=True, bold=False, color=array([1., 1., 1.]), colorSpace='rgb', contrast=1.0, depth=0.0, draggable=False, flipHoriz=False, flipVert=False, font='Arial', fontFiles=[], height=np.float64(0.05), italic=False, languageStyle='LTR', name='textBlank', opacity=1, ori=0.0, pos=array([0., 0.]), rgb=UNKNOWN, text='', units='height', win=Window(...), wrapWidth=1)
8.1832 	EXP 	Created textCold = TextStim(__class__=<class 'psychopy.visual.text.TextStim'>, alignHoriz=method-wrapper(...), alignText='center', alignVert=method-wrapper(...), anchorHoriz='center', anchorVert='center', antialias=True, autoDraw=False, autoLog=True, bold=False, color=array([1., 1., 1.]), colorSpace='rgb', contrast=1.0, depth=0.0, draggable=False, flipHoriz=False, flipVert=False, font='Arial', fontFiles=[], height=0.05, italic=False, languageStyle='LTR', name='textCold', opacity=1, ori=0.0, pos=array([0., 0.]), rgb=UNKNOWN, text='', units='height', win=Window(...), wrapWidth=1)
8.1840 	EXP 	Created textBlank = TextStim(__class__=<class 'psychopy.visual.text.TextStim'>, alignHoriz=method-wrapper(...), alignText='center', alignVert=method-wrapper(...), anchorHoriz='center', anchorVert='center', antialias=True, autoDraw=False, autoLog=True, bold=False, color=array([1., 1., 1.]), colorSpace='rgb', contrast=1.0, depth=0.0, draggable=False, flipHoriz=False, flipVert=False, font='Arial', fontFiles=[], height=np.float64(0.05), italic=False, languageStyle='LTR', name='textBlank', opacity=1, ori=0.0, pos=array([0., 0.]), rgb=UNKNOWN, text='', units='height', win=Window(...), wrapWidth=1)
8.1850 	EXP 	Created textSleep = TextStim(__class__=<class 'psychopy.visual.text.TextStim'>, alignHoriz=method-wrapper(...), alignText='center', alignVert=method-wrapper(...), anchorHoriz='center', anchorVert='center', antialias=True, autoDraw=False, autoLog=True, bold=False, color=array([1., 1., 1.]), colorSpace='rgb', contrast=1.0, depth=0.0, draggable=False, flipHoriz=False, flipVert=False, font='Arial', fontFiles=[], height=0.05, italic=False, languageStyle='LTR', name='textSleep', opacity=1, ori=0.0, pos=array([0., 0.]), rgb=UNKNOWN, text='', units='height', win=Window(...), wrapWidth=1)
8.1858 	EXP 	Created textBlank = TextStim(__class__=<class 'psychopy.visual.text.TextStim'>, alignHoriz=method-wrapper(...), alignText='center', alignVert=method-wrapper(...), anchorHoriz='center', anchorVert='center', antialias=True, autoDraw=False, autoLog=True, bold=False, color=array([1., 1., 1.]), colorSpace='rgb', contrast=1.0, depth=0.0, draggable=False, flipHoriz=False, flipVert=False, font='Arial', fontFiles=[], height=np.float64(0.05), italic=False, languageStyle='LTR', name='textBlank', opacity=1, ori=0.0, pos=array([0., 0.]), rgb=UNKNOWN, text='', units='height', win=Window(...), wrapWidth=1)
8.1919 	EXP 	Created text_instr2 = TextStim(__class__=<class 'psychopy.visual.text.TextStim'>, alignHoriz=method-wrapper(...), alignText='center', alignVert=method-wrapper(...), anchorHoriz='center', anchorVert='center', antialias=True, autoDraw=False, autoLog=True, bold=False, color=array([1., 1., 1.]), colorSpace='rgb', contrast=1.0, depth=0.0, draggable=False, flipHoriz=False, flipVert=False, font='Arial', fontFiles=[], height=np.float64(0.05), italic=False, languageStyle='LTR', name='text_instr2', opacity=1, ori=0.0, pos=array([0., 0.]), rgb=UNKNOWN, text=str(...), units='height', win=Window(...), wrapWidth=1)
8.2003 	EXP 	Created textMath = TextStim(__class__=<class 'psychopy.visual.text.TextStim'>, alignHoriz=method-wrapper(...), alignText='center', alignVert=method-wrapper(...), anchorHoriz='center', anchorVert='center', antialias=True, autoDraw=False, autoLog=True, bold=False, color=array([1., 1., 1.]), colorSpace='rgb', contrast=1.0, depth=0.0, draggable=False, flipHoriz=False, flipVert=False, font='Arial', fontFiles=[], height=np.float64(0.05), italic=False, languageStyle='LTR', name='textMath', opacity=1, ori=0.0, pos=array([0., 0.]), rgb=UNKNOWN, text='(7 + 6) - 10 =', units='height', win=Window(...), wrapWidth=1)
8.2141 	EXP 	Created text_instr3 = TextStim(__class__=<class 'psychopy.visual.text.TextStim'>, alignHoriz=method-wrapper(...), alignText='center', alignVert=method-wrapper(...), anchorHoriz='center', anchorVert='center', antialias=True, autoDraw=False, autoLog=True, bold=False, color=array([1., 1., 1.]), colorSpace='rgb', contrast=1.0, depth=0.0, draggable=False, flipHoriz=False, flipVert=False, font='Arial', fontFiles=[], height=np.float64(0.05), italic=False, languageStyle='LTR', name='text_instr3', opacity=1, ori=0.0, pos=array([0., 0.]), rgb=UNKNOWN, text=str(...), units='height', win=Window(...), wrapWidth=1)
8.2147 	EXP 	Created textTest = TextStim(__class__=<class 'psychopy.visual.text.TextStim'>, alignHoriz=method-wrapper(...), alignText='center', alignVert=method-wrapper(...), anchorHoriz='center', anchorVert='center', antialias=True, autoDraw=False, autoLog=True, bold=False, color=array([1., 1., 1.]), colorSpace='rgb', contrast=1.0, depth=0.0, draggable=False, flipHoriz=False, flipVert=False, font='Arial', fontFiles=[], height=0.05, italic=False, languageStyle='LTR', name='textTest', opacity=1, ori=0.0, pos=array([0., 0.]), rgb=UNKNOWN, text='', units='height', win=Window(...), wrapWidth=1)
8.2156 	EXP 	Created textBlank = TextStim(__class__=<class 'psychopy.visual.text.TextStim'>, alignHoriz=method-wrapper(...), alignText='center', alignVert=method-wrapper(...), anchorHoriz='center', anchorVert='center', antialias=True, autoDraw=False, autoLog=True, bold=False, color=array([1., 1., 1.]), colorSpace='rgb', contrast=1.0, depth=0.0, draggable=False, flipHoriz=False, flipVert=False, font='Arial', fontFiles=[], height=np.float64(0.05), italic=False, languageStyle='LTR', name='textBlank', opacity=1, ori=0.0, pos=array([0., 0.]), rgb=UNKNOWN, text='', units='height', win=Window(...), wrapWidth=1)
8.2372 	EXP 	Created textThanks = TextStim(__class__=<class 'psychopy.visual.text.TextStim'>, alignHoriz=method-wrapper(...), alignText='center', alignVert=method-wrapper(...), anchorHoriz='center', anchorVert='center', antialias=True, autoDraw=False, autoLog=True, bold=False, color=array([1., 1., 1.]), colorSpace='rgb', contrast=1.0, depth=0.0, draggable=False, flipHoriz=False, flipVert=False, font='Arial', fontFiles=[], height=np.float64(0.05), italic=False, languageStyle='LTR', name='textThanks', opacity=1, ori=0.0, pos=array([0., 0.]), rgb=UNKNOWN, text=str(...), units='height', win=Window(...), wrapWidth=1)
0.0091 	EXP 	text_welcome: autoDraw = True
3.0201 	INFO 	Keyboard events cleared
3.0200 	EXP 	text_welcome: autoDraw = False
3.0200 	EXP 	text_instr: autoDraw = True
5.4643 	EXP 	Device response: <KeyPress from None: t=5.444247899984475, value=space, duration=None>
5.4717 	EXP 	Imported drm_words.xlsx as conditions, 10 conditions, 1 params
5.4724 	EXP 	New trial (rep=0, index=0): <Trial 0 (0 in rep 0) data={'testAnger': 'hate', 'thisN': 0, 'thisTrialN': 0, 'thisRepN': 0}>
5.4755 	DATA 	Keypress: space
5.4769 	EXP 	text_instr: autoDraw = False
5.4769 	EXP 	textAnger: height = np.float64(0.05)
5.4769 	EXP 	textAnger: height = np.float64(0.05)
5.4769 	EXP 	textAnger: height = np.float64(0.05)
5.4769 	EXP 	textAnger: text = 'hate'
5.4769 	EXP 	textAnger: autoDraw = True
5.6371 	EXP 	Device response: <KeyPress from None: t=5.444247899984475, value=space, duration=0.18169590004254133>
6.4871 	EXP 	textAnger: autoDraw = False
6.4871 	EXP 	textBlank: autoDraw = True
6.9717 	EXP 	New trial (rep=0, index=1): <Trial 1 (1 in rep 0) data={'testAnger': 'rage', 'thisN': 1, 'thisTrialN': 1, 'thisRepN': 0}>
6.9867 	EXP 	textBlank: autoDraw = False
6.9867 	EXP 	textAnger: height = np.float64(0.05)
6.9867 	EXP 	textAnger: height = np.float64(0.05)
6.9867 	EXP 	textAnger: height = np.float64(0.05)
6.9867 	EXP 	textAnger: text = 'rage'
6.9867 	EXP 	textAnger: autoDraw = True
7.9871 	EXP 	textAnger: autoDraw = False
7.9871 	EXP 	textBlank: autoDraw = True
8.4714 	EXP 	New trial (rep=0, index=2): <Trial 2 (2 in rep 0) data={'testAnger': 'mad', 'thisN': 2, 'thisTrialN': 2, 'thisRepN': 0}>
8.4870 	EXP 	textBlank: autoDraw = False
8.4870 	EXP 	textAnger: height = np.float64(0.05)
8.4870 	EXP 	textAnger: height = np.float64(0.05)
8.4870 	EXP 	textAnger: height = np.float64(0.05)
8.4870 	EXP 	textAnger: text = 'mad'
8.4870 	EXP 	textAnger: autoDraw = True
9.4874 	EXP 	textAnger: autoDraw = False
9.4874 	EXP 	textBlank: autoDraw = True
9.9714 	EXP 	New trial (rep=0, index=3): <Trial 3 (3 in rep 0) data={'testAnger': 'temper', 'thisN': 3, 'thisTrialN': 3, 'thisRepN': 0}>
9.9868 	EXP 	textBlank: autoDraw = False
9.9868 	EXP 	textAnger: height = np.float64(0.05)
9.9868 	EXP 	textAnger: height = np.float64(0.05)
9.9868 	EXP 	textAnger: height = np.float64(0.05)
9.9868 	EXP 	textAnger: text = 'temper'
9.9868 	EXP 	textAnger: autoDraw = True
10.9874 	EXP 	textAnger: autoDraw = False
10.9874 	EXP 	textBlank: autoDraw = True
11.4704 	EXP 	New trial (rep=0, index=4): <Trial 4 (4 in rep 0) data={'testAnger': 'mean', 'thisN': 4, 'thisTrialN': 4, 'thisRepN': 0}>
11.4866 	EXP 	textBlank: autoDraw = False
11.4866 	EXP 	textAnger: height = np.float64(0.05)
11.4866 	EXP 	textAnger: height = np.float64(0.05)
11.4866 	EXP 	textAnger: height = np.float64(0.05)
11.4866 	EXP 	textAnger: text = 'mean'
11.4866 	EXP 	textAnger: autoDraw = True
12.4868 	EXP 	textAnger: autoDraw = False
12.4868 	EXP 	textBlank: autoDraw = True
12.9705 	EXP 	New trial (rep=0, index=5): <Trial 5 (5 in rep 0) data={'testAnger': 'fear', 'thisN': 5, 'thisTrialN': 5, 'thisRepN': 0}>
12.9869 	EXP 	textBlank: autoDraw = False
12.9869 	EXP 	textAnger: height = np.float64(0.05)
12.9869 	EXP 	textAnger: height = np.float64(0.05)
12.9869 	EXP 	textAnger: height = np.float64(0.05)
12.9869 	EXP 	textAnger: text = 'fear'
12.9869 	EXP 	textAnger: autoDraw = True
13.9865 	EXP 	textAnger: autoDraw = False
13.9865 	EXP 	textBlank: autoDraw = True
14.4706 	EXP 	New trial (rep=0, index=6): <Trial 6 (6 in rep 0) data={'testAnger': 'fight', 'thisN': 6, 'thisTrialN': 6, 'thisRepN': 0}>
14.4868 	EXP 	textBlank: autoDraw = False
14.4868 	EXP 	textAnger: height = np.float64(0.05)
14.4868 	EXP 	textAnger: height = np.float64(0.05)
14.4868 	EXP 	textAnger: height = np.float64(0.05)
14.4868 	EXP 	textAnger: text = 'fight'
14.4868 	EXP 	textAnger: autoDraw = True
15.4867 	EXP 	textAnger: autoDraw = False
15.4867 	EXP 	textBlank: autoDraw = True
15.9702 	EXP 	New trial (rep=0, index=7): <Trial 7 (7 in rep 0) data={'testAnger': 'emotion', 'thisN': 7, 'thisTrialN': 7, 'thisRepN': 0}>
15.9867 	EXP 	textBlank: autoDraw = False
15.9867 	EXP 	textAnger: height = np.float64(0.05)
15.9867 	EXP 	textAnger: height = np.float64(0.05)
15.9867 	EXP 	textAnger: height = np.float64(0.05)
15.9867 	EXP 	textAnger: text = 'emotion'
15.9867 	EXP 	textAnger: autoDraw = True
16.9864 	EXP 	textAnger: autoDraw = False
16.9864 	EXP 	textBlank: autoDraw = True
17.4704 	EXP 	New trial (rep=0, index=8): <Trial 8 (8 in rep 0) data={'testAnger': 'fury', 'thisN': 8, 'thisTrialN': 8, 'thisRepN': 0}>
17.4865 	EXP 	textBlank: autoDraw = False
17.4865 	EXP 	textAnger: height = np.float64(0.05)
17.4865 	EXP 	textAnger: height = np.float64(0.05)
17.4865 	EXP 	textAnger: height = np.float64(0.05)
17.4865 	EXP 	textAnger: text = 'fury'
17.4865 	EXP 	textAnger: autoDraw = True
18.4867 	EXP 	textAnger: autoDraw = False
18.4867 	EXP 	textBlank: autoDraw = True
18.9709 	EXP 	New trial (rep=0, index=9): <Trial 9 (9 in rep 0) data={'testAnger': 'wrath', 'thisN': 9, 'thisTrialN': 9, 'thisRepN': 0}>
18.9868 	EXP 	textBlank: autoDraw = False
18.9868 	EXP 	textAnger: height = np.float64(0.05)
18.9868 	EXP 	textAnger: height = np.float64(0.05)
18.9868 	EXP 	textAnger: height = np.float64(0.05)
18.9868 	EXP 	textAnger: text = 'wrath'
18.9868 	EXP 	textAnger: autoDraw = True
19.9867 	EXP 	textAnger: autoDraw = False
19.9867 	EXP 	textBlank: autoDraw = True
20.4762 	EXP 	Imported lureCold.xlsx as conditions, 10 conditions, 1 params
20.4766 	EXP 	New trial (rep=0, index=0): <Trial 0 (0 in rep 0) data={'lureCold': 'wet', 'thisN': 0, 'thisTrialN': 0, 'thisRepN': 0}>
20.4864 	EXP 	textBlank: autoDraw = False
20.4864 	EXP 	textCold: height = np.float64(0.05)
20.4864 	EXP 	textCold: height = np.float64(0.05)
20.4864 	EXP 	textCold: height = np.float64(0.05)
20.4864 	EXP 	textCold: text = 'wet'
20.4864 	EXP 	textCold: autoDraw = True
21.4863 	EXP 	textCold: autoDraw = False
21.4863 	EXP 	textBlank: autoDraw = True
21.9700 	EXP 	New trial (rep=0, index=1): <Trial 1 (1 in rep 0) data={'lureCold': 'shiver', 'thisN': 1, 'thisTrialN': 1, 'thisRepN': 0}>
21.9863 	EXP 	textBlank: autoDraw = False
21.9863 	EXP 	textCold: height = np.float64(0.05)
21.9863 	EXP 	textCold: height = np.float64(0.05)
21.9863 	EXP 	textCold: height = np.float64(0.05)
21.9863 	EXP 	textCold: text = 'shiver'
21.9863 	EXP 	textCold: autoDraw = True
22.9866 	EXP 	textCold: autoDraw = False
22.9866 	EXP 	textBlank: autoDraw = True
23.4701 	EXP 	New trial (rep=0, index=2): <Trial 2 (2 in rep 0) data={'lureCold': 'weather', 'thisN': 2, 'thisTrialN': 2, 'thisRepN': 0}>
23.4864 	EXP 	textBlank: autoDraw = False
23.4864 	EXP 	textCold: height = np.float64(0.05)
23.4864 	EXP 	textCold: height = np.float64(0.05)
23.4864 	EXP 	textCold: height = np.float64(0.05)
23.4864 	EXP 	textCold: text = 'weather'
23.4864 	EXP 	textCold: autoDraw = True
24.4865 	EXP 	textCold: autoDraw = False
24.4865 	EXP 	textBlank: autoDraw = True
24.9701 	EXP 	New trial (rep=0, index=3): <Trial 3 (3 in rep 0) data={'lureCold': 'snow', 'thisN': 3, 'thisTrialN': 3, 'thisRepN': 0}>
24.9864 	EXP 	textBlank: autoDraw = False
24.9864 	EXP 	textCold: height = np.float64(0.05)
24.9864 	EXP 	textCold: height = np.float64(0.05)
24.9864 	EXP 	textCold: height = np.float64(0.05)
24.9864 	EXP 	textCold: text = 'snow'
24.9864 	EXP 	textCold: autoDraw = True
25.9865 	EXP 	textCold: autoDraw = False
25.9865 	EXP 	textBlank: autoDraw = True
26.4703 	EXP 	New trial (rep=0, index=4): <Trial 4 (4 in rep 0) data={'lureCold': 'ice', 'thisN': 4, 'thisTrialN': 4, 'thisRepN': 0}>
26.4865 	EXP 	textBlank: autoDraw = False
26.4865 	EXP 	textCold: height = np.float64(0.05)
26.4865 	EXP 	textCold: height = np.float64(0.05)
26.4865 	EXP 	textCold: height = np.float64(0.05)
26.4865 	EXP 	textCold: text = 'ice'
26.4865 	EXP 	textCold: autoDraw = True
27.4865 	EXP 	textCold: autoDraw = False
27.4865 	EXP 	textBlank: autoDraw = True
27.9712 	EXP 	New trial (rep=0, index=5): <Trial 5 (5 in rep 0) data={'lureCold': 'winter', 'thisN': 5, 'thisTrialN': 5, 'thisRepN': 0}>
27.9863 	EXP 	textBlank: autoDraw = False
27.9863 	EXP 	textCold: height = np.float64(0.05)
27.9863 	EXP 	textCold: height = np.float64(0.05)
27.9863 	EXP 	textCold: height = np.float64(0.05)
27.9863 	EXP 	textCold: text = 'winter'
27.9863 	EXP 	textCold: autoDraw = True
28.9866 	EXP 	textCold: autoDraw = False
28.9866 	EXP 	textBlank: autoDraw = True
29.4700 	EXP 	New trial (rep=0, index=6): <Trial 6 (6 in rep 0) data={'lureCold': 'chilly', 'thisN': 6, 'thisTrialN': 6, 'thisRepN': 0}>
29.4864 	EXP 	textBlank: autoDraw = False
29.4864 	EXP 	textCold: height = np.float64(0.05)
29.4864 	EXP 	textCold: height = np.float64(0.05)
29.4864 	EXP 	textCold: height = np.float64(0.05)
29.4864 	EXP 	textCold: text = 'chilly'
29.4864 	EXP 	textCold: autoDraw = True
30.4864 	EXP 	textCold: autoDraw = False
30.4864 	EXP 	textBlank: autoDraw = True
30.9704 	EXP 	New trial (rep=0, index=7): <Trial 7 (7 in rep 0) data={'lureCold': 'freeze', 'thisN': 7, 'thisTrialN': 7, 'thisRepN': 0}>
30.9865 	EXP 	textBlank: autoDraw = False
30.9865 	EXP 	textCold: height = np.float64(0.05)
30.9865 	EXP 	textCold: height = np.float64(0.05)
30.9865 	EXP 	textCold: height = np.float64(0.05)
30.9865 	EXP 	textCold: text = 'freeze'
30.9865 	EXP 	textCold: autoDraw = True
31.9863 	EXP 	textCold: autoDraw = False
31.9863 	EXP 	textBlank: autoDraw = True
32.4697 	EXP 	New trial (rep=0, index=8): <Trial 8 (8 in rep 0) data={'lureCold': 'air', 'thisN': 8, 'thisTrialN': 8, 'thisRepN': 0}>
32.4862 	EXP 	textBlank: autoDraw = False
32.4862 	EXP 	textCold: height = np.float64(0.05)
32.4862 	EXP 	textCold: height = np.float64(0.05)
32.4862 	EXP 	textCold: height = np.float64(0.05)
32.4862 	EXP 	textCold: text = 'air'
32.4862 	EXP 	textCold: autoDraw = True
33.4866 	EXP 	textCold: autoDraw = False
33.4866 	EXP 	textBlank: autoDraw = True
33.9701 	EXP 	New trial (rep=0, index=9): <Trial 9 (9 in rep 0) data={'lureCold': 'hot', 'thisN': 9, 'thisTrialN': 9, 'thisRepN': 0}>
33.9863 	EXP 	textBlank: autoDraw = False
33.9863 	EXP 	textCold: height = np.float64(0.05)
33.9863 	EXP 	textCold: height = np.float64(0.05)
33.9863 	EXP 	textCold: height = np.float64(0.05)
33.9863 	EXP 	textCold: text = 'hot'
33.9863 	EXP 	textCold: autoDraw = True
34.9863 	EXP 	textCold: autoDraw = False
34.9863 	EXP 	textBlank: autoDraw = True
35.4759 	EXP 	Imported lureSleep.xlsx as conditions, 10 conditions, 1 params
35.4764 	EXP 	New trial (rep=0, index=0): <Trial 0 (0 in rep 0) data={'lureSleep': 'yawn', 'thisN': 0, 'thisTrialN': 0, 'thisRepN': 0}>
35.4862 	EXP 	textBlank: autoDraw = False
35.4862 	EXP 	textSleep: height = np.float64(0.05)
35.4862 	EXP 	textSleep: height = np.float64(0.05)
35.4862 	EXP 	textSleep: height = np.float64(0.05)
35.4862 	EXP 	textSleep: text = 'yawn'
35.4862 	EXP 	textSleep: autoDraw = True
36.4860 	EXP 	textSleep: autoDraw = False
36.4860 	EXP 	textBlank: autoDraw = True
36.9694 	EXP 	New trial (rep=0, index=1): <Trial 1 (1 in rep 0) data={'lureSleep': 'dream', 'thisN': 1, 'thisTrialN': 1, 'thisRepN': 0}>
37.0769 	EXP 	textBlank: autoDraw = False
37.0769 	EXP 	textSleep: height = np.float64(0.05)
37.0769 	EXP 	textSleep: height = np.float64(0.05)
37.0769 	EXP 	textSleep: height = np.float64(0.05)
37.0769 	EXP 	textSleep: text = 'dream'
37.0769 	EXP 	textSleep: autoDraw = True
37.9859 	EXP 	textSleep: autoDraw = False
37.9859 	EXP 	textBlank: autoDraw = True
38.4694 	EXP 	New trial (rep=0, index=2): <Trial 2 (2 in rep 0) data={'lureSleep': 'rest', 'thisN': 2, 'thisTrialN': 2, 'thisRepN': 0}>
38.4858 	EXP 	textBlank: autoDraw = False
38.4858 	EXP 	textSleep: height = np.float64(0.05)
38.4858 	EXP 	textSleep: height = np.float64(0.05)
38.4858 	EXP 	textSleep: height = np.float64(0.05)
38.4858 	EXP 	textSleep: text = 'rest'
38.4858 	EXP 	textSleep: autoDraw = True
39.4865 	EXP 	textSleep: autoDraw = False
39.4865 	EXP 	textBlank: autoDraw = True
39.9697 	EXP 	New trial (rep=0, index=3): <Trial 3 (3 in rep 0) data={'lureSleep': 'blanket', 'thisN': 3, 'thisTrialN': 3, 'thisRepN': 0}>
39.9861 	EXP 	textBlank: autoDraw = False
39.9861 	EXP 	textSleep: height = np.float64(0.05)
39.9861 	EXP 	textSleep: height = np.float64(0.05)
39.9861 	EXP 	textSleep: height = np.float64(0.05)
39.9861 	EXP 	textSleep: text = 'blanket'
39.9861 	EXP 	textSleep: autoDraw = True
40.9861 	EXP 	textSleep: autoDraw = False
40.9861 	EXP 	textBlank: autoDraw = True
41.4698 	EXP 	New trial (rep=0, index=4): <Trial 4 (4 in rep 0) data={'lureSleep': 'nap', 'thisN': 4, 'thisTrialN': 4, 'thisRepN': 0}>
41.4860 	EXP 	textBlank: autoDraw = False
41.4860 	EXP 	textSleep: height = np.float64(0.05)
41.4860 	EXP 	textSleep: height = np.float64(0.05)
41.4860 	EXP 	textSleep: height = np.float64(0.05)
41.4860 	EXP 	textSleep: text = 'nap'
41.4860 	EXP 	textSleep: autoDraw = True
42.4859 	EXP 	textSleep: autoDraw = False
42.4859 	EXP 	textBlank: autoDraw = True
42.9702 	EXP 	New trial (rep=0, index=5): <Trial 5 (5 in rep 0) data={'lureSleep': 'bed', 'thisN': 5, 'thisTrialN': 5, 'thisRepN': 0}>
42.9870 	EXP 	textBlank: autoDraw = False
42.9870 	EXP 	textSleep: height = np.float64(0.05)
42.9870 	EXP 	textSleep: height = np.float64(0.05)
42.9870 	EXP 	textSleep: height = np.float64(0.05)
42.9870 	EXP 	textSleep: text = 'bed'
42.9870 	EXP 	textSleep: autoDraw = True
43.9860 	EXP 	textSleep: autoDraw = False
43.9860 	EXP 	textBlank: autoDraw = True
44.4694 	EXP 	New trial (rep=0, index=6): <Trial 6 (6 in rep 0) data={'lureSleep': 'tired', 'thisN': 6, 'thisTrialN': 6, 'thisRepN': 0}>
44.4859 	EXP 	textBlank: autoDraw = False
44.4859 	EXP 	textSleep: height = np.float64(0.05)
44.4859 	EXP 	textSleep: height = np.float64(0.05)
44.4859 	EXP 	textSleep: height = np.float64(0.05)
44.4859 	EXP 	textSleep: text = 'tired'
44.4859 	EXP 	textSleep: autoDraw = True
45.4862 	EXP 	textSleep: autoDraw = False
45.4862 	EXP 	textBlank: autoDraw = True
45.9695 	EXP 	New trial (rep=0, index=7): <Trial 7 (7 in rep 0) data={'lureSleep': 'slumber', 'thisN': 7, 'thisTrialN': 7, 'thisRepN': 0}>
45.9863 	EXP 	textBlank: autoDraw = False
45.9863 	EXP 	textSleep: height = np.float64(0.05)
45.9863 	EXP 	textSleep: height = np.float64(0.05)
45.9863 	EXP 	textSleep: height = np.float64(0.05)
45.9863 	EXP 	textSleep: text = 'slumber'
45.9863 	EXP 	textSleep: autoDraw = True
46.9861 	EXP 	textSleep: autoDraw = False
46.9861 	EXP 	textBlank: autoDraw = True
47.4696 	EXP 	New trial (rep=0, index=8): <Trial 8 (8 in rep 0) data={'lureSleep': 'awake', 'thisN': 8, 'thisTrialN': 8, 'thisRepN': 0}>
47.4860 	EXP 	textBlank: autoDraw = False
47.4860 	EXP 	textSleep: height = np.float64(0.05)
47.4860 	EXP 	textSleep: height = np.float64(0.05)
47.4860 	EXP 	textSleep: height = np.float64(0.05)
47.4860 	EXP 	textSleep: text = 'awake'
47.4860 	EXP 	textSleep: autoDraw = True
48.4861 	EXP 	textSleep: autoDraw = False
48.4861 	EXP 	textBlank: autoDraw = True
48.9696 	EXP 	New trial (rep=0, index=9): <Trial 9 (9 in rep 0) data={'lureSleep': 'snore', 'thisN': 9, 'thisTrialN': 9, 'thisRepN': 0}>
48.9859 	EXP 	textBlank: autoDraw = False
48.9859 	EXP 	textSleep: height = np.float64(0.05)
48.9859 	EXP 	textSleep: height = np.float64(0.05)
48.9859 	EXP 	textSleep: height = np.float64(0.05)
48.9859 	EXP 	textSleep: text = 'snore'
48.9859 	EXP 	textSleep: autoDraw = True
49.9860 	EXP 	textSleep: autoDraw = False
49.9860 	EXP 	textBlank: autoDraw = True
50.4860 	INFO 	Keyboard events cleared
50.4859 	EXP 	textBlank: autoDraw = False
50.4859 	EXP 	text_instr2: autoDraw = True
52.2864 	EXP 	Device response: <KeyPress from None: t=52.27783640002599, value=space, duration=None>
52.2885 	DATA 	Keypress: space
52.3027 	INFO 	Keyboard events cleared
52.3026 	EXP 	text_instr2: autoDraw = False
52.3026 	EXP 	textMath: autoDraw = True
52.5361 	EXP 	Device response: <KeyPress from None: t=52.27783640002599, value=space, duration=0.2570727999554947>
54.5528 	EXP 	Device response: <KeyPress from None: t=54.54523759998847, value=3, duration=None>
54.5545 	DATA 	Keypress: 3
54.5694 	INFO 	Keyboard events cleared
54.5693 	EXP 	textMath: autoDraw = False
54.5693 	EXP 	text_instr3: autoDraw = True
54.8029 	EXP 	Device response: <KeyPress from None: t=54.54523759998847, value=3, duration=0.24116620002314448>
57.3696 	EXP 	Device response: <KeyPress from None: t=57.357225199986715, value=space, duration=None>
57.3849 	EXP 	Imported test_file.xlsx as conditions, 10 conditions, 2 params
57.3852 	EXP 	New trial (rep=0, index=0): <Trial 0 (0 in rep 0) data={'final_test': 'ocean', 'corrAns': 'n', 'thisN': 0, 'thisTrialN': 0, 'thisRepN': 0}>
57.3884 	DATA 	Keypress: space
57.3898 	INFO 	Keyboard events cleared
57.3897 	EXP 	text_instr3: autoDraw = False
57.3897 	EXP 	textTest: height = np.float64(0.05)
57.3897 	EXP 	textTest: height = np.float64(0.05)
57.3897 	EXP 	textTest: height = np.float64(0.05)
57.3897 	EXP 	textTest: text = 'ocean'
57.3897 	EXP 	textTest: autoDraw = True
57.5195 	EXP 	Device response: <KeyPress from None: t=57.357225199986715, value=space, duration=0.15839570004027337>
59.1548 	DATA 	Keypress: n
59.1701 	EXP 	Device response: <KeyPress from None: t=59.15346790000331, value=n, duration=None>
59.1863 	EXP 	textTest: autoDraw = False
59.1863 	EXP 	textBlank: autoDraw = True
59.3367 	EXP 	Device response: <KeyPress from None: t=59.15346790000331, value=n, duration=0.17173579998780042>
59.6703 	EXP 	New trial (rep=0, index=1): <Trial 1 (1 in rep 0) data={'final_test': 'bed', 'corrAns': 'y', 'thisN': 1, 'thisTrialN': 1, 'thisRepN': 0}>
59.6868 	INFO 	Keyboard events cleared
59.6866 	EXP 	textBlank: autoDraw = False
59.6866 	EXP 	textBlank: autoDraw = False
59.6866 	EXP 	textTest: height = np.float64(0.05)
59.6866 	EXP 	textTest: height = np.float64(0.05)
59.6866 	EXP 	textTest: height = np.float64(0.05)
59.6866 	EXP 	textTest: text = 'bed'
59.6866 	EXP 	textTest: autoDraw = True
60.3695 	EXP 	Device response: <KeyPress from None: t=60.35479030001443, value=y, duration=None>
60.3703 	DATA 	Keypress: y
60.3858 	EXP 	textTest: autoDraw = False
60.3858 	EXP 	textBlank: autoDraw = True
60.6029 	EXP 	Device response: <KeyPress from None: t=60.35479030001443, value=y, duration=0.24768309999490157>
60.8702 	EXP 	New trial (rep=0, index=2): <Trial 2 (2 in rep 0) data={'final_test': 'dream', 'corrAns': 'y', 'thisN': 2, 'thisTrialN': 2, 'thisRepN': 0}>
60.8862 	INFO 	Keyboard events cleared
60.8861 	EXP 	textBlank: autoDraw = False
60.8861 	EXP 	textTest: height = np.float64(0.05)
60.8861 	EXP 	textTest: height = np.float64(0.05)
60.8861 	EXP 	textTest: height = np.float64(0.05)
60.8861 	EXP 	textTest: text = 'dream'
60.8861 	EXP 	textTest: autoDraw = True
62.7027 	EXP 	Device response: <KeyPress from None: t=62.69761789997574, value=y, duration=None>
62.7034 	DATA 	Keypress: y
62.7192 	EXP 	textTest: autoDraw = False
62.7192 	EXP 	textBlank: autoDraw = True
62.8861 	EXP 	Device response: <KeyPress from None: t=62.69761789997574, value=y, duration=0.18490050005493686>
63.2028 	EXP 	New trial (rep=0, index=3): <Trial 3 (3 in rep 0) data={'final_test': 'mad', 'corrAns': 'y', 'thisN': 3, 'thisTrialN': 3, 'thisRepN': 0}>
63.2192 	INFO 	Keyboard events cleared
63.2191 	EXP 	textBlank: autoDraw = False
63.2191 	EXP 	textBlank: autoDraw = False
63.2191 	EXP 	textTest: height = np.float64(0.05)
63.2191 	EXP 	textTest: height = np.float64(0.05)
63.2191 	EXP 	textTest: height = np.float64(0.05)
63.2191 	EXP 	textTest: text = 'mad'
63.2191 	EXP 	textTest: autoDraw = True
64.2525 	EXP 	Device response: <KeyPress from None: t=64.24872570001753, value=y, duration=None>
64.2532 	DATA 	Keypress: y
64.2692 	EXP 	textTest: autoDraw = False
64.2692 	EXP 	textBlank: autoDraw = True
64.5028 	EXP 	Device response: <KeyPress from None: t=64.24872570001753, value=y, duration=0.2444833999616094>
64.7528 	EXP 	New trial (rep=0, index=4): <Trial 4 (4 in rep 0) data={'final_test': 'anger', 'corrAns': 'n', 'thisN': 4, 'thisTrialN': 4, 'thisRepN': 0}>
64.7691 	INFO 	Keyboard events cleared
64.7690 	EXP 	textBlank: autoDraw = False
64.7690 	EXP 	textBlank: autoDraw = False
64.7690 	EXP 	textTest: height = np.float64(0.05)
64.7690 	EXP 	textTest: height = np.float64(0.05)
64.7690 	EXP 	textTest: height = np.float64(0.05)
64.7690 	EXP 	textTest: text = 'anger'
64.7690 	EXP 	textTest: autoDraw = True
65.4360 	EXP 	Device response: <KeyPress from None: t=65.43400349997682, value=y, duration=None>
65.4368 	DATA 	Keypress: y
65.4524 	EXP 	textTest: autoDraw = False
65.4524 	EXP 	textBlank: autoDraw = True
65.5864 	EXP 	Device response: <KeyPress from None: t=65.43400349997682, value=y, duration=0.13573430001270026>
65.9365 	EXP 	New trial (rep=0, index=5): <Trial 5 (5 in rep 0) data={'final_test': 'snow', 'corrAns': 'y', 'thisN': 5, 'thisTrialN': 5, 'thisRepN': 0}>
65.9527 	INFO 	Keyboard events cleared
65.9526 	EXP 	textBlank: autoDraw = False
65.9526 	EXP 	textTest: height = np.float64(0.05)
65.9526 	EXP 	textTest: height = np.float64(0.05)
65.9526 	EXP 	textTest: height = np.float64(0.05)
65.9526 	EXP 	textTest: text = 'snow'
65.9526 	EXP 	textTest: autoDraw = True
66.8700 	EXP 	Device response: <KeyPress from None: t=66.85823000001255, value=n, duration=None>
66.8714 	DATA 	Keypress: n
66.8859 	EXP 	textTest: autoDraw = False
66.8859 	EXP 	textBlank: autoDraw = True
67.3196 	EXP 	Device response: <KeyPress from None: t=66.85823000001255, value=n, duration=0.4560584999853745>
67.3697 	EXP 	New trial (rep=0, index=6): <Trial 6 (6 in rep 0) data={'final_test': 'apple', 'corrAns': 'n', 'thisN': 6, 'thisTrialN': 6, 'thisRepN': 0}>
67.3860 	INFO 	Keyboard events cleared
67.3859 	EXP 	textBlank: autoDraw = False
67.3859 	EXP 	textBlank: autoDraw = False
67.3859 	EXP 	textTest: height = np.float64(0.05)
67.3859 	EXP 	textTest: height = np.float64(0.05)
67.3859 	EXP 	textTest: height = np.float64(0.05)
67.3859 	EXP 	textTest: text = 'apple'
67.3859 	EXP 	textTest: autoDraw = True
68.7364 	EXP 	Device response: <KeyPress from None: t=68.72703120001825, value=n, duration=None>
68.7372 	DATA 	Keypress: n
68.7531 	EXP 	textTest: autoDraw = False
68.7531 	EXP 	textBlank: autoDraw = True
68.8863 	EXP 	Device response: <KeyPress from None: t=68.72703120001825, value=n, duration=0.15918219997547567>
69.2369 	EXP 	New trial (rep=0, index=7): <Trial 7 (7 in rep 0) data={'final_test': 'sleep', 'corrAns': 'n', 'thisN': 7, 'thisTrialN': 7, 'thisRepN': 0}>
69.2535 	INFO 	Keyboard events cleared
69.2533 	EXP 	textBlank: autoDraw = False
69.2533 	EXP 	textBlank: autoDraw = False
69.2533 	EXP 	textTest: height = np.float64(0.05)
69.2533 	EXP 	textTest: height = np.float64(0.05)
69.2533 	EXP 	textTest: height = np.float64(0.05)
69.2533 	EXP 	textTest: text = 'sleep'
69.2533 	EXP 	textTest: autoDraw = True
70.0360 	EXP 	Device response: <KeyPress from None: t=70.0352331000031, value=y, duration=None>
70.0369 	DATA 	Keypress: y
70.0522 	EXP 	textTest: autoDraw = False
70.0522 	EXP 	textBlank: autoDraw = True
70.2702 	EXP 	Device response: <KeyPress from None: t=70.0352331000031, value=y, duration=0.23164080001879483>
70.5376 	EXP 	New trial (rep=0, index=8): <Trial 8 (8 in rep 0) data={'final_test': 'guitar', 'corrAns': 'n', 'thisN': 8, 'thisTrialN': 8, 'thisRepN': 0}>
70.5533 	INFO 	Keyboard events cleared
70.5531 	EXP 	textBlank: autoDraw = False
70.5531 	EXP 	textTest: height = np.float64(0.05)
70.5531 	EXP 	textTest: height = np.float64(0.05)
70.5531 	EXP 	textTest: height = np.float64(0.05)
70.5531 	EXP 	textTest: text = 'guitar'
70.5531 	EXP 	textTest: autoDraw = True
71.6039 	EXP 	Device response: <KeyPress from None: t=71.59650119999424, value=n, duration=None>
71.6058 	DATA 	Keypress: n
71.6198 	EXP 	textTest: autoDraw = False
71.6198 	EXP 	textBlank: autoDraw = True
71.7706 	EXP 	Device response: <KeyPress from None: t=71.59650119999424, value=n, duration=0.16924050002126023>
72.1044 	EXP 	New trial (rep=0, index=9): <Trial 9 (9 in rep 0) data={'final_test': 'cold', 'corrAns': 'n', 'thisN': 9, 'thisTrialN': 9, 'thisRepN': 0}>
72.1202 	INFO 	Keyboard events cleared
72.1199 	EXP 	textBlank: autoDraw = False
72.1199 	EXP 	textBlank: autoDraw = False
72.1199 	EXP 	textTest: height = np.float64(0.05)
72.1199 	EXP 	textTest: height = np.float64(0.05)
72.1199 	EXP 	textTest: height = np.float64(0.05)
72.1199 	EXP 	textTest: text = 'cold'
72.1199 	EXP 	textTest: autoDraw = True
72.9204 	EXP 	Device response: <KeyPress from None: t=72.90575700002955, value=y, duration=None>
72.9224 	DATA 	Keypress: y
72.9359 	EXP 	textTest: autoDraw = False
72.9359 	EXP 	textBlank: autoDraw = True
73.1204 	EXP 	Device response: <KeyPress from None: t=72.90575700002955, value=y, duration=0.20536179997725412>
73.4365 	INFO 	Keyboard events cleared
73.4364 	EXP 	textBlank: autoDraw = False
73.4364 	EXP 	textBlank: autoDraw = False
73.4364 	EXP 	textThanks: autoDraw = True
74.8367 	EXP 	Device response: <KeyPress from None: t=74.83415190002415, value=space, duration=None>
74.8377 	DATA 	Keypress: space
74.8525 	EXP 	textThanks: autoDraw = False
74.8529 	EXP 	solo_project_drm: status = STOPPED
74.8731 	INFO 	saved data to 'C:\\Users\\Dell\\OneDrive\\Desktop\\PSY310\\SOLO PROJECT\\data\\8_solo_project_drm_2025-11-20_09h39.11.231.csv'
74.8765 	INFO 	saved data to C:\Users\Dell\OneDrive\Desktop\PSY310\SOLO PROJECT\data\8_solo_project_drm_2025-11-20_09h39.11.231.psydat
75.2309 	WARNING 	Stopping key buffers but this could be dangerous ifother keyboards rely on the same.
75.2631 	WARNING 	Stopping key buffers but this could be dangerous ifother keyboards rely on the same.
75.2632 	WARNING 	Stopping key buffers but this could be dangerous ifother keyboards rely on the same.
75.2632 	WARNING 	Stopping key buffers but this could be dangerous ifother keyboards rely on the same.
75.2632 	WARNING 	Stopping key buffers but this could be dangerous ifother keyboards rely on the same.
75.2633 	WARNING 	Stopping key buffers but this could be dangerous ifother keyboards rely on the same.
75.2633 	WARNING 	Stopping key buffers but this could be dangerous ifother keyboards rely on the same.
